Component: ARM Compiler 5.06 update 7 (build 960) Tool: armlink [4d3601]

==============================================================================

Section Cross References

    main.o(i.main) refers to board.o(i.board_init) for board_init
    main.o(i.main) refers to driver_uart.o(i.uart_debug_init) for uart_debug_init
    main.o(i.main) refers to driver_uart.o(i.debug_printf) for debug_printf
    main.o(i.main) refers to main.o(i.uart_recv_callback) for uart_recv_callback
    board.o(i.board_init) refers to gd32f10x_rcu.o(i.rcu_periph_clock_enable) for rcu_periph_clock_enable
    board.o(i.board_init) refers to gd32f10x_misc.o(i.nvic_priority_group_set) for nvic_priority_group_set
    driver_uart.o(i.debug_printf) refers to vsprintf.o(.text) for vsprintf
    driver_uart.o(i.debug_printf) refers to gd32f10x_usart.o(i.usart_flag_get) for usart_flag_get
    driver_uart.o(i.debug_printf) refers to gd32f10x_usart.o(i.usart_data_transmit) for usart_data_transmit
    driver_uart.o(i.debug_printf) refers to strlen.o(.text) for strlen
    driver_uart.o(i.debug_printf) refers to driver_uart.o(.bss) for U0_TxBuff
    driver_uart.o(i.uart_debug_init) refers to gd32f10x_misc.o(i.nvic_irq_enable) for nvic_irq_enable
    driver_uart.o(i.uart_debug_init) refers to driver_uart.o(.bss) for uart_debug
    driver_uart.o(i.uart_debug_init) refers to driver_uart.o(i.uart_init) for uart_init
    driver_uart.o(i.uart_gpio_init) refers to gd32f10x_gpio.o(i.gpio_init) for gpio_init
    driver_uart.o(i.uart_init) refers to driver_uart.o(i.uart_gpio_init) for uart_gpio_init
    driver_uart.o(i.uart_init) refers to gd32f10x_usart.o(i.usart_deinit) for usart_deinit
    driver_uart.o(i.uart_init) refers to gd32f10x_usart.o(i.usart_baudrate_set) for usart_baudrate_set
    driver_uart.o(i.uart_init) refers to gd32f10x_usart.o(i.usart_word_length_set) for usart_word_length_set
    driver_uart.o(i.uart_init) refers to gd32f10x_usart.o(i.usart_stop_bit_set) for usart_stop_bit_set
    driver_uart.o(i.uart_init) refers to gd32f10x_usart.o(i.usart_parity_config) for usart_parity_config
    driver_uart.o(i.uart_init) refers to gd32f10x_usart.o(i.usart_hardware_flow_cts_config) for usart_hardware_flow_cts_config
    driver_uart.o(i.uart_init) refers to gd32f10x_usart.o(i.usart_hardware_flow_rts_config) for usart_hardware_flow_rts_config
    driver_uart.o(i.uart_init) refers to gd32f10x_usart.o(i.usart_transmit_config) for usart_transmit_config
    driver_uart.o(i.uart_init) refers to gd32f10x_usart.o(i.usart_receive_config) for usart_receive_config
    driver_uart.o(i.uart_init) refers to gd32f10x_usart.o(i.usart_enable) for usart_enable
    gd32f10x_adc.o(i.adc_deinit) refers to gd32f10x_rcu.o(i.rcu_periph_reset_enable) for rcu_periph_reset_enable
    gd32f10x_adc.o(i.adc_deinit) refers to gd32f10x_rcu.o(i.rcu_periph_reset_disable) for rcu_periph_reset_disable
    gd32f10x_bkp.o(i.bkp_deinit) refers to gd32f10x_rcu.o(i.rcu_bkp_reset_enable) for rcu_bkp_reset_enable
    gd32f10x_bkp.o(i.bkp_deinit) refers to gd32f10x_rcu.o(i.rcu_bkp_reset_disable) for rcu_bkp_reset_disable
    gd32f10x_can.o(i.can_debug_freeze_disable) refers to gd32f10x_dbg.o(i.dbg_periph_enable) for dbg_periph_enable
    gd32f10x_can.o(i.can_debug_freeze_enable) refers to gd32f10x_dbg.o(i.dbg_periph_enable) for dbg_periph_enable
    gd32f10x_can.o(i.can_deinit) refers to gd32f10x_rcu.o(i.rcu_periph_reset_enable) for rcu_periph_reset_enable
    gd32f10x_can.o(i.can_deinit) refers to gd32f10x_rcu.o(i.rcu_periph_reset_disable) for rcu_periph_reset_disable
    gd32f10x_can.o(i.can_interrupt_flag_get) refers to gd32f10x_can.o(i.can_receive_message_length_get) for can_receive_message_length_get
    gd32f10x_can.o(i.can_interrupt_flag_get) refers to gd32f10x_can.o(i.can_error_get) for can_error_get
    gd32f10x_dac.o(i.dac_deinit) refers to gd32f10x_rcu.o(i.rcu_periph_reset_enable) for rcu_periph_reset_enable
    gd32f10x_dac.o(i.dac_deinit) refers to gd32f10x_rcu.o(i.rcu_periph_reset_disable) for rcu_periph_reset_disable
    gd32f10x_dma.o(i.dma_channel_disable) refers to gd32f10x_dma.o(i.dma_periph_and_channel_check) for dma_periph_and_channel_check
    gd32f10x_dma.o(i.dma_channel_enable) refers to gd32f10x_dma.o(i.dma_periph_and_channel_check) for dma_periph_and_channel_check
    gd32f10x_dma.o(i.dma_circulation_disable) refers to gd32f10x_dma.o(i.dma_periph_and_channel_check) for dma_periph_and_channel_check
    gd32f10x_dma.o(i.dma_circulation_enable) refers to gd32f10x_dma.o(i.dma_periph_and_channel_check) for dma_periph_and_channel_check
    gd32f10x_dma.o(i.dma_deinit) refers to gd32f10x_dma.o(i.dma_periph_and_channel_check) for dma_periph_and_channel_check
    gd32f10x_dma.o(i.dma_init) refers to gd32f10x_dma.o(i.dma_periph_and_channel_check) for dma_periph_and_channel_check
    gd32f10x_dma.o(i.dma_interrupt_disable) refers to gd32f10x_dma.o(i.dma_periph_and_channel_check) for dma_periph_and_channel_check
[...]
    ../clib/printf.c                         0x00000000   Number         0  _printf_hex_int_ll.o ABSOLUTE
    ../clib/printf.c                         0x00000000   Number         0  _printf_hex_ptr.o ABSOLUTE
    ../clib/printf.c                         0x00000000   Number         0  _printf_hex_int_ptr.o ABSOLUTE
    ../clib/printf.c                         0x00000000   Number         0  _printf_hex_ll_ptr.o ABSOLUTE
    ../clib/printf.c                         0x00000000   Number         0  _printf_hex_int_ll_ptr.o ABSOLUTE
    ../clib/printf.c                         0x00000000   Number         0  __printf_flags.o ABSOLUTE
    ../clib/printf.c                         0x00000000   Number         0  __printf_ss.o ABSOLUTE
    ../clib/printf.c                         0x00000000   Number         0  __printf_flags_ss.o ABSOLUTE
    ../clib/printf.c                         0x00000000   Number         0  __printf_flags_wp.o ABSOLUTE
    ../clib/printf.c                         0x00000000   Number         0  __printf_ss_wp.o ABSOLUTE
    ../clib/printf.c                         0x00000000   Number         0  __printf_flags_ss_wp.o ABSOLUTE
    ../clib/printf.c                         0x00000000   Number         0  __printf_wp.o ABSOLUTE
    ../clib/printf.c                         0x00000000   Number         0  vsprintf.o ABSOLUTE
    ../clib/printf.c                         0x00000000   Number         0  __printf.o ABSOLUTE
    ../clib/printf.c                         0x00000000   Number         0  _printf_pad.o ABSOLUTE
    ../clib/printf.c                         0x00000000   Number         0  _printf_fp_infnan.o ABSOLUTE
    ../clib/printf.c                         0x00000000   Number         0  _printf_truncate.o ABSOLUTE
    ../clib/printf.c                         0x00000000   Number         0  _printf_str.o ABSOLUTE
    ../clib/printf.c                         0x00000000   Number         0  _printf_dec.o ABSOLUTE
    ../clib/printf.c                         0x00000000   Number         0  _printf_charcount.o ABSOLUTE
    ../clib/printf.c                         0x00000000   Number         0  _printf_char_common.o ABSOLUTE
    ../clib/printf.c                         0x00000000   Number         0  _sputc.o ABSOLUTE
    ../clib/printf.c                         0x00000000   Number         0  _printf_wchar.o ABSOLUTE
    ../clib/printf.c                         0x00000000   Number         0  _printf_wctomb.o ABSOLUTE
    ../clib/printf.c                         0x00000000   Number         0  _printf_char.o ABSOLUTE
    ../clib/printf.c                         0x00000000   Number         0  __printf_nopercent.o ABSOLUTE
    ../clib/printf.c                         0x00000000   Number         0  _printf_fp_hex.o ABSOLUTE
    ../clib/printf.c                         0x00000000   Number         0  _printf_longlong_dec.o ABSOLUTE
    ../clib/printf.c                         0x00000000   Number         0  _printf_fp_dec.o ABSOLUTE
    ../clib/printf_percent.s                 0x00000000   Number         0  _printf_f.o ABSOLUTE
    ../clib/printf_percent.s                 0x00000000   Number         0  _printf_p.o ABSOLUTE
    ../clib/printf_percent.s                 0x00000000   Number         0  _printf_u.o ABSOLUTE
    ../clib/printf_percent.s                 0x00000000   Number         0  _printf_a.o ABSOLUTE
    ../clib/printf_percent.s                 0x00000000   Number         0  _printf_llu.o ABSOLUTE
    ../clib/printf_percent.s                 0x00000000   Number         0  _printf_lld.o ABSOLUTE
    ../clib/printf_percent.s                 0x00000000   Number         0  _printf_ll.o ABSOLUTE
    ../clib/printf_percent.s                 0x00000000   Number         0  _printf_g.o ABSOLUTE
    ../clib/printf_percent.s                 0x00000000   Number         0  _printf_e.o ABSOLUTE
    ../clib/printf_percent.s                 0x00000000   Number         0  _printf_percent_end.o ABSOLUTE
    ../clib/printf_percent.s                 0x00000000   Number         0  _printf_o.o ABSOLUTE
    ../clib/printf_percent.s                 0x00000000   Number         0  _printf_d.o ABSOLUTE
    ../clib/printf_percent.s                 0x00000000   Number         0  _printf_lli.o ABSOLUTE
    ../clib/printf_percent.s                 0x00000000   Number         0  _printf_percent.o ABSOLUTE
    ../clib/printf_percent.s                 0x00000000   Number         0  _printf_i.o ABSOLUTE
    ../clib/printf_percent.s                 0x00000000   Number         0  _printf_x.o ABSOLUTE
    ../clib/printf_percent.s                 0x00000000   Number         0  _printf_l.o ABSOLUTE
    ../clib/printf_percent.s                 0x00000000   Number         0  _printf_n.o ABSOLUTE
    ../clib/printf_percent.s                 0x00000000   Number         0  _printf_lc.o ABSOLUTE
    ../clib/printf_percent.s                 0x00000000   Number         0  _printf_ls.o ABSOLUTE
    ../clib/printf_percent.s                 0x00000000   Number         0  _printf_c.o ABSOLUTE
    ../clib/printf_percent.s                 0x00000000   Number         0  _printf_llo.o ABSOLUTE
    ../clib/printf_percent.s                 0x00000000   Number         0  _printf_llx.o ABSOLUTE
    ../clib/printf_percent.s                 0x00000000   Number         0  _printf_s.o ABSOLUTE
    ../clib/signal.c                         0x00000000   Number         0  defsig_rtred_inner.o ABSOLUTE
    ../clib/signal.c                         0x00000000   Number         0  __raise.o ABSOLUTE
    ../clib/signal.c                         0x00000000   Number         0  defsig_general.o ABSOLUTE
    ../clib/signal.c                         0x00000000   Number         0  defsig_rtmem_inner.o ABSOLUTE
    ../clib/signal.c                         0x00000000   Number         0  defsig_other.o ABSOLUTE
    ../clib/signal.c                         0x00000000   Number         0  defsig_segv_inner.o ABSOLUTE
    ../clib/signal.c                         0x00000000   Number         0  defsig_cppl_inner.o ABSOLUTE
    ../clib/signal.c                         0x00000000   Number         0  defsig_exit.o ABSOLUTE
    ../clib/signal.c                         0x00000000   Number         0  defsig_pvfn_inner.o ABSOLUTE
    ../clib/signal.c                         0x00000000   Number         0  defsig_stak_inner.o ABSOLUTE
    ../clib/signal.c                         0x00000000   Number         0  defsig_fpe_inner.o ABSOLUTE
    ../clib/signal.c                         0x00000000   Number         0  defsig_abrt_inner.o ABSOLUTE
    ../clib/signal.c                         0x00000000   Number         0  defsig_rtmem_formal.o ABSOLUTE
    ../clib/signal.c                         0x00000000   Number         0  defsig_rtmem_outer.o ABSOLUTE
    ../clib/signal.s                         0x00000000   Number         0  defsig.o ABSOLUTE
    ../clib/stdlib.c                         0x00000000   Number         0  exit.o ABSOLUTE
    ../clib/string.c                         0x00000000   Number         0  strlen.o ABSOLUTE
    ../fplib/fpinit.s                        0x00000000   Number         0  fpinit.o ABSOLUTE
    ../fplib/istatus.s                       0x00000000   Number         0  istatus.o ABSOLUTE
    ../fplib/printf1.s                       0x00000000   Number         0  printf1.o ABSOLUTE
    ../fplib/printf2.s                       0x00000000   Number         0  printf2.o ABSOLUTE
    ../fplib/printf2a.s                      0x00000000   Number         0  printf2a.o ABSOLUTE
    ../fplib/printf2b.s                      0x00000000   Number         0  printf2b.o ABSOLUTE
    ../fplib/usenofp.s                       0x00000000   Number         0  usenofp.o ABSOLUTE
    ../mathlib/fpclassify.c                  0x00000000   Number         0  fpclassify.o ABSOLUTE
    ..\\app\\board.c                         0x00000000   Number         0  board.o ABSOLUTE
    ..\\app\\gd32f10x_it.c                   0x00000000   Number         0  gd32f10x_it.o ABSOLUTE
    ..\\app\\main.c                          0x00000000   Number         0  main.o ABSOLUTE
    ..\\driver\\driver_uart.c                0x00000000   Number         0  driver_uart.o ABSOLUTE
    ..\\firmware\\cmsis\\system_gd32f10x.c   0x00000000   Number         0  system_gd32f10x.o ABSOLUTE
    ..\\firmware\\driver\\src\\gd32f10x_adc.c 0x00000000   Number         0  gd32f10x_adc.o ABSOLUTE
    ..\\firmware\\driver\\src\\gd32f10x_bkp.c 0x00000000   Number         0  gd32f10x_bkp.o ABSOLUTE
    ..\\firmware\\driver\\src\\gd32f10x_can.c 0x00000000   Number         0  gd32f10x_can.o ABSOLUTE
    ..\\firmware\\driver\\src\\gd32f10x_crc.c 0x00000000   Number         0  gd32f10x_crc.o ABSOLUTE
    ..\\firmware\\driver\\src\\gd32f10x_dac.c 0x00000000   Number         0  gd32f10x_dac.o ABSOLUTE
    ..\\firmware\\driver\\src\\gd32f10x_dbg.c 0x00000000   Number         0  gd32f10x_dbg.o ABSOLUTE
    ..\\firmware\\driver\\src\\gd32f10x_dma.c 0x00000000   Number         0  gd32f10x_dma.o ABSOLUTE
    ..\\firmware\\driver\\src\\gd32f10x_enet.c 0x00000000   Number         0  gd32f10x_enet.o ABSOLUTE
    ..\\firmware\\driver\\src\\gd32f10x_exmc.c 0x00000000   Number         0  gd32f10x_exmc.o ABSOLUTE
    ..\\firmware\\driver\\src\\gd32f10x_exti.c 0x00000000   Number         0  gd32f10x_exti.o ABSOLUTE
    ..\\firmware\\driver\\src\\gd32f10x_fwdgt.c 0x00000000   Number         0  gd32f10x_fwdgt.o ABSOLUTE
    ..\\firmware\\driver\\src\\gd32f10x_gpio.c 0x00000000   Number         0  gd32f10x_gpio.o ABSOLUTE
    ..\\firmware\\driver\\src\\gd32f10x_i2c.c 0x00000000   Number         0  gd32f10x_i2c.o ABSOLUTE
    ..\\firmware\\driver\\src\\gd32f10x_misc.c 0x00000000   Number         0  gd32f10x_misc.o ABSOLUTE
    ..\\firmware\\driver\\src\\gd32f10x_pmu.c 0x00000000   Number         0  gd32f10x_pmu.o ABSOLUTE
    ..\\firmware\\driver\\src\\gd32f10x_rcu.c 0x00000000   Number         0  gd32f10x_rcu.o ABSOLUTE
    ..\\firmware\\driver\\src\\gd32f10x_rtc.c 0x00000000   Number         0  gd32f10x_rtc.o ABSOLUTE
    ..\\firmware\\driver\\src\\gd32f10x_sdio.c 0x00000000   Number         0  gd32f10x_sdio.o ABSOLUTE
    ..\\firmware\\driver\\src\\gd32f10x_spi.c 0x00000000   Number         0  gd32f10x_spi.o ABSOLUTE
    ..\\firmware\\driver\\src\\gd32f10x_timer.c 0x00000000   Number         0  gd32f10x_timer.o ABSOLUTE
    ..\\firmware\\driver\\src\\gd32f10x_usart.c 0x00000000   Number         0  gd32f10x_usart.o ABSOLUTE
    ..\\firmware\\driver\\src\\gd32f10x_wwdgt.c 0x00000000   Number         0  gd32f10x_wwdgt.o ABSOLUTE
    ..\app\board.c                           0x00000000   Number         0  board.o ABSOLUTE
    ..\app\gd32f10x_it.c                     0x00000000   Number         0  gd32f10x_it.o ABSOLUTE
    ..\app\main.c                            0x00000000   Number         0  main.o ABSOLUTE
    ..\driver\delay.c                        0x00000000   Number         0  delay.o ABSOLUTE
    ..\driver\driver_spi.c                   0x00000000   Number         0  driver_spi.o ABSOLUTE
    ..\driver\driver_uart.c                  0x00000000   Number         0  driver_uart.o ABSOLUTE
    ..\driver\i2c_soft.c                     0x00000000   Number         0  i2c_soft.o ABSOLUTE
    ..\firmware\cmsis\startup_gd32f10x_md.s  0x00000000   Number         0  startup_gd32f10x_md.o ABSOLUTE
    ..\firmware\cmsis\system_gd32f10x.c      0x00000000   Number         0  system_gd32f10x.o ABSOLUTE
    ..\firmware\driver\src\gd32f10x_adc.c    0x00000000   Number         0  gd32f10x_adc.o ABSOLUTE
    ..\firmware\driver\src\gd32f10x_bkp.c    0x00000000   Number         0  gd32f10x_bkp.o ABSOLUTE
    ..\firmware\driver\src\gd32f10x_can.c    0x00000000   Number         0  gd32f10x_can.o ABSOLUTE
    ..\firmware\driver\src\gd32f10x_crc.c    0x00000000   Number         0  gd32f10x_crc.o ABSOLUTE
    ..\firmware\driver\src\gd32f10x_dac.c    0x00000000   Number         0  gd32f10x_dac.o ABSOLUTE
    ..\firmware\driver\src\gd32f10x_dbg.c    0x00000000   Number         0  gd32f10x_dbg.o ABSOLUTE
    ..\firmware\driver\src\gd32f10x_dma.c    0x00000000   Number         0  gd32f10x_dma.o ABSOLUTE
    ..\firmware\driver\src\gd32f10x_enet.c   0x00000000   Number         0  gd32f10x_enet.o ABSOLUTE
    ..\firmware\driver\src\gd32f10x_exmc.c   0x00000000   Number         0  gd32f10x_exmc.o ABSOLUTE
    ..\firmware\driver\src\gd32f10x_exti.c   0x00000000   Number         0  gd32f10x_exti.o ABSOLUTE
    ..\firmware\driver\src\gd32f10x_fwdgt.c  0x00000000   Number         0  gd32f10x_fwdgt.o ABSOLUTE
    ..\firmware\driver\src\gd32f10x_gpio.c   0x00000000   Number         0  gd32f10x_gpio.o ABSOLUTE
    ..\firmware\driver\src\gd32f10x_i2c.c    0x00000000   Number         0  gd32f10x_i2c.o ABSOLUTE
    ..\firmware\driver\src\gd32f10x_misc.c   0x00000000   Number         0  gd32f10x_misc.o ABSOLUTE
    ..\firmware\driver\src\gd32f10x_pmu.c    0x00000000   Number         0  gd32f10x_pmu.o ABSOLUTE
    ..\firmware\driver\src\gd32f10x_rcu.c    0x00000000   Number         0  gd32f10x_rcu.o ABSOLUTE
    ..\firmware\driver\src\gd32f10x_rtc.c    0x00000000   Number         0  gd32f10x_rtc.o ABSOLUTE
    ..\firmware\driver\src\gd32f10x_sdio.c   0x00000000   Number         0  gd32f10x_sdio.o ABSOLUTE
    ..\firmware\driver\src\gd32f10x_spi.c    0x00000000   Number         0  gd32f10x_spi.o ABSOLUTE
    ..\firmware\driver\src\gd32f10x_timer.c  0x00000000   Number         0  gd32f10x_timer.o ABSOLUTE
    ..\firmware\driver\src\gd32f10x_usart.c  0x00000000   Number         0  gd32f10x_usart.o ABSOLUTE
    ..\firmware\driver\src\gd32f10x_wwdgt.c  0x00000000   Number         0  gd32f10x_wwdgt.o ABSOLUTE
    dc.s                                     0x00000000   Number         0  dc.o ABSOLUTE
    RESET                                    0x08000000   Section      260  startup_gd32f10x_md.o(RESET)
    !!!main                                  0x08000104   Section        8  __main.o(!!!main)
    !!!scatter                               0x0800010c   Section       52  __scatter.o(!!!scatter)
    !!handler_zi                             0x08000140   Section       28  __scatter_zi.o(!!handler_zi)
    .ARM.Collect$$_printf_percent$$00000000  0x0800015c   Section        0  _printf_percent.o(.ARM.Collect$$_printf_percent$$00000000)
    .ARM.Collect$$_printf_percent$$00000001  0x0800015c   Section        6  _printf_n.o(.ARM.Collect$$_printf_percent$$00000001)
    .ARM.Collect$$_printf_percent$$00000002  0x08000162   Section        6  _printf_p.o(.ARM.Collect$$_printf_percent$$00000002)
    .ARM.Collect$$_printf_percent$$00000003  0x08000168   Section        6  _printf_f.o(.ARM.Collect$$_printf_percent$$00000003)
    .ARM.Collect$$_printf_percent$$00000004  0x0800016e   Section        6  _printf_e.o(.ARM.Collect$$_printf_percent$$00000004)
    .ARM.Collect$$_printf_percent$$00000005  0x08000174   Section        6  _printf_g.o(.ARM.Collect$$_printf_percent$$00000005)
    .ARM.Collect$$_printf_percent$$00000006  0x0800017a   Section        6  _printf_a.o(.ARM.Collect$$_printf_percent$$00000006)
    .ARM.Collect$$_printf_percent$$00000007  0x08000180   Section       10  _printf_ll.o(.ARM.Collect$$_printf_percent$$00000007)
    .ARM.Collect$$_printf_percent$$00000008  0x0800018a   Section        6  _printf_i.o(.ARM.Collect$$_printf_percent$$00000008)
    .ARM.Collect$$_printf_percent$$00000009  0x08000190   Section        6  _printf_d.o(.ARM.Collect$$_printf_percent$$00000009)
    .ARM.Collect$$_printf_percent$$0000000A  0x08000196   Section        6  _printf_u.o(.ARM.Collect$$_printf_percent$$0000000A)
    .ARM.Collect$$_printf_percent$$0000000B  0x0800019c   Section        6  _printf_o.o(.ARM.Collect$$_printf_percent$$0000000B)
    .ARM.Collect$$_printf_percent$$0000000C  0x080001a2   Section        6  _printf_x.o(.ARM.Collect$$_printf_percent$$0000000C)
    .ARM.Collect$$_printf_percent$$0000000D  0x080001a8   Section        6  _printf_lli.o(.ARM.Collect$$_printf_percent$$0000000D)
    .ARM.Collect$$_printf_percent$$0000000E  0x080001ae   Section        6  _printf_lld.o(.ARM.Collect$$_printf_percent$$0000000E)
    .ARM.Collect$$_printf_percent$$0000000F  0x080001b4   Section        6  _printf_llu.o(.ARM.Collect$$_printf_percent$$0000000F)
    .ARM.Collect$$_printf_percent$$00000010  0x080001ba   Section        6  _printf_llo.o(.ARM.Collect$$_printf_percent$$00000010)
    .ARM.Collect$$_printf_percent$$00000011  0x080001c0   Section        6  _printf_llx.o(.ARM.Collect$$_printf_percent$$00000011)
    .ARM.Collect$$_printf_percent$$00000012  0x080001c6   Section       10  _printf_l.o(.ARM.Collect$$_printf_percent$$00000012)
    .ARM.Collect$$_printf_percent$$00000013  0x080001d0   Section        6  _printf_c.o(.ARM.Collect$$_printf_percent$$00000013)
    .ARM.Collect$$_printf_percent$$00000014  0x080001d6   Section        6  _printf_s.o(.ARM.Collect$$_printf_percent$$00000014)
    .ARM.Collect$$_printf_percent$$00000015  0x080001dc   Section        6  _printf_lc.o(.ARM.Collect$$_printf_percent$$00000015)
    .ARM.Collect$$_printf_percent$$00000016  0x080001e2   Section        6  _printf_ls.o(.ARM.Collect$$_printf_percent$$00000016)
    .ARM.Collect$$_printf_percent$$00000017  0x080001e8   Section        4  _printf_percent_end.o(.ARM.Collect$$_printf_percent$$00000017)
    .ARM.Collect$$libinit$$00000000          0x080001ec   Section        2  libinit.o(.ARM.Collect$$libinit$$00000000)
    .ARM.Collect$$libinit$$00000002          0x080001ee   Section        0  libinit2.o(.ARM.Collect$$libinit$$00000002)
    .ARM.Collect$$libinit$$00000004          0x080001ee   Section        0  libinit2.o(.ARM.Collect$$libinit$$00000004)
    .ARM.Collect$$libinit$$0000000A          0x080001ee   Section        0  libinit2.o(.ARM.Collect$$libinit$$0000000A)
    .ARM.Collect$$libinit$$0000000C          0x080001ee   Section        0  libinit2.o(.ARM.Collect$$libinit$$0000000C)
    .ARM.Collect$$libinit$$0000000E          0x080001ee   Section        0  libinit2.o(.ARM.Collect$$libinit$$0000000E)
    .ARM.Collect$$libinit$$0000000F          0x080001ee   Section        6  libinit2.o(.ARM.Collect$$libinit$$0000000F)
    .ARM.Collect$$libinit$$00000011          0x080001f4   Section        0  libinit2.o(.ARM.Collect$$libinit$$00000011)
    .ARM.Collect$$libinit$$00000012          0x080001f4   Section       12  libinit2.o(.ARM.Collect$$libinit$$00000012)
    .ARM.Collect$$libinit$$00000013          0x08000200   Section        0  libinit2.o(.ARM.Collect$$libinit$$00000013)
    .ARM.Collect$$libinit$$00000015          0x08000200   Section        0  libinit2.o(.ARM.Collect$$libinit$$00000015)
    .ARM.Collect$$libinit$$00000016          0x08000200   Section       10  libinit2.o(.ARM.Collect$$libinit$$00000016)
    .ARM.Collect$$libinit$$00000017          0x0800020a   Section        0  libinit2.o(.ARM.Collect$$libinit$$00000017)
    .ARM.Collect$$libinit$$00000019          0x0800020a   Section        0  libinit2.o(.ARM.Collect$$libinit$$00000019)
    .ARM.Collect$$libinit$$0000001B          0x0800020a   Section        0  libinit2.o(.ARM.Collect$$libinit$$0000001B)
    .ARM.Collect$$libinit$$0000001D          0x0800020a   Section        0  libinit2.o(.ARM.Collect$$libinit$$0000001D)
    .ARM.Collect$$libinit$$0000001F          0x0800020a   Section        0  libinit2.o(.ARM.Collect$$libinit$$0000001F)
    .ARM.Collect$$libinit$$00000021          0x0800020a   Section        0  libinit2.o(.ARM.Collect$$libinit$$00000021)
    .ARM.Collect$$libinit$$00000023          0x0800020a   Section        0  libinit2.o(.ARM.Collect$$libinit$$00000023)
    .ARM.Collect$$libinit$$00000025          0x0800020a   Section        0  libinit2.o(.ARM.Collect$$libinit$$00000025)
    .ARM.Collect$$libinit$$0000002C          0x0800020a   Section        0  libinit2.o(.ARM.Collect$$libinit$$0000002C)
    .ARM.Collect$$libinit$$0000002E          0x0800020a   Section        0  libinit2.o(.ARM.Collect$$libinit$$0000002E)
    .ARM.Collect$$libinit$$00000030          0x0800020a   Section        0  libinit2.o(.ARM.Collect$$libinit$$00000030)
    .ARM.Collect$$libinit$$00000032          0x0800020a   Section        0  libinit2.o(.ARM.Collect$$libinit$$00000032)
    .ARM.Collect$$libinit$$00000033          0x0800020a   Section        2  libinit2.o(.ARM.Collect$$libinit$$00000033)
    .ARM.Collect$$libshutdown$$00000000      0x0800020c   Section        2  libshutdown.o(.ARM.Collect$$libshutdown$$00000000)
    .ARM.Collect$$libshutdown$$00000002      0x0800020e   Section        0  libshutdown2.o(.ARM.Collect$$libshutdown$$00000002)
    .ARM.Collect$$libshutdown$$00000004      0x0800020e   Section        0  libshutdown2.o(.ARM.Collect$$libshutdown$$00000004)
    .ARM.Collect$$libshutdown$$00000006      0x0800020e   Section        0  libshutdown2.o(.ARM.Collect$$libshutdown$$00000006)
    .ARM.Collect$$libshutdown$$00000009      0x0800020e   Section        0  libshutdown2.o(.ARM.Collect$$libshutdown$$00000009)
    .ARM.Collect$$libshutdown$$0000000C      0x0800020e   Section        0  libshutdown2.o(.ARM.Collect$$libshutdown$$0000000C)
    .ARM.Collect$$libshutdown$$0000000E      0x0800020e   Section        0  libshutdown2.o(.ARM.Collect$$libshutdown$$0000000E)
    .ARM.Collect$$libshutdown$$00000011      0x0800020e   Section        0  libshutdown2.o(.ARM.Collect$$libshutdown$$00000011)
    .ARM.Collect$$libshutdown$$00000012      0x0800020e   Section        2  libshutdown2.o(.ARM.Collect$$libshutdown$$00000012)
    .ARM.Collect$$rtentry$$00000000          0x08000210   Section        0  __rtentry.o(.ARM.Collect$$rtentry$$00000000)
    .ARM.Collect$$rtentry$$00000002          0x08000210   Section        0  __rtentry2.o(.ARM.Collect$$rtentry$$00000002)
    .ARM.Collect$$rtentry$$00000004          0x08000210   Section        6  __rtentry4.o(.ARM.Collect$$rtentry$$00000004)
    .ARM.Collect$$rtentry$$00000009          0x08000216   Section        0  __rtentry2.o(.ARM.Collect$$rtentry$$00000009)
    .ARM.Collect$$rtentry$$0000000A          0x08000216   Section        4  __rtentry2.o(.ARM.Collect$$rtentry$$0000000A)
    .ARM.Collect$$rtentry$$0000000C          0x0800021a   Section        0  __rtentry2.o(.ARM.Collect$$rtentry$$0000000C)
    .ARM.Collect$$rtentry$$0000000D          0x0800021a   Section        8  __rtentry2.o(.ARM.Collect$$rtentry$$0000000D)
    .ARM.Collect$$rtexit$$00000000           0x08000222   Section        2  rtexit.o(.ARM.Collect$$rtexit$$00000000)
    .ARM.Collect$$rtexit$$00000002           0x08000224   Section        0  rtexit2.o(.ARM.Collect$$rtexit$$00000002)
    .ARM.Collect$$rtexit$$00000003           0x08000224   Section        4  rtexit2.o(.ARM.Collect$$rtexit$$00000003)
    .ARM.Collect$$rtexit$$00000004           0x08000228   Section        6  rtexit2.o(.ARM.Collect$$rtexit$$00000004)
    .text                                    0x08000230   Section       64  startup_gd32f10x_md.o(.text)
    .text                                    0x08000270   Section        0  vsprintf.o(.text)
    .text                                    0x08000294   Section        0  strlen.o(.text)
    .text                                    0x080002d2   Section        0  heapauxi.o(.text)
    .text                                    0x080002d8   Section        0  _printf_pad.o(.text)
    .text                                    0x08000326   Section        0  _printf_truncate.o(.text)
    .text                                    0x0800034a   Section        0  _printf_str.o(.text)
    .text                                    0x0800039c   Section        0  _printf_dec.o(.text)
    .text                                    0x08000414   Section        0  _printf_charcount.o(.text)
    .text                                    0x0800043c   Section        0  _printf_char_common.o(.text)
    _printf_input_char                       0x0800043d   Thumb Code    10  _printf_char_common.o(.text)
    .text                                    0x0800046c   Section        0  _sputc.o(.text)
    .text                                    0x08000478   Section        0  _printf_wctomb.o(.text)
    .text                                    0x08000534   Section        0  _printf_longlong_dec.o(.text)
    .text                                    0x080005b0   Section        0  _printf_oct_int_ll.o(.text)
    _printf_longlong_oct_internal            0x080005b1   Thumb Code     0  _printf_oct_int_ll.o(.text)
    .text                                    0x08000620   Section        0  _printf_hex_int_ll_ptr.o(.text)
    _printf_hex_common                       0x08000621   Thumb Code     0  _printf_hex_int_ll_ptr.o(.text)
    .text                                    0x080006b4   Section        0  __printf_flags_ss_wp.o(.text)
    .text                                    0x0800083c   Section      138  lludiv10.o(.text)
    .text                                    0x080008c6   Section        0  _printf_intcommon.o(.text)
    .text                                    0x08000978   Section        0  _printf_fp_dec.o(.text)
    _fp_digits                               0x0800097b   Thumb Code   432  _printf_fp_dec.o(.text)
    .text                                    0x08000d98   Section        0  _printf_fp_hex.o(.text)
    .text                                    0x08001094   Section        0  _printf_char.o(.text)
    .text                                    0x080010c0   Section        0  _printf_wchar.o(.text)
    .text                                    0x080010ec   Section        0  _wcrtomb.o(.text)
    .text                                    0x0800112c   Section       74  sys_stackheap_outer.o(.text)
    .text                                    0x08001178   Section       16  rt_ctype_table.o(.text)
    .text                                    0x08001188   Section        8  rt_locale_intlibspace.o(.text)
    .text                                    0x08001190   Section        0  _printf_fp_infnan.o(.text)
    .text                                    0x08001210   Section        0  bigflt0.o(.text)
    .text                                    0x080012f4   Section        0  exit.o(.text)
    .text                                    0x08001308   Section        8  libspace.o(.text)
    .text                                    0x08001310   Section      128  strcmpv7m.o(.text)
    .text                                    0x08001390   Section        0  sys_exit.o(.text)
    .text                                    0x0800139c   Section        2  use_no_semi.o(.text)
    .text                                    0x0800139e   Section        0  indicate_semi.o(.text)
    CL$$btod_d2e                             0x0800139e   Section       62  btod.o(CL$$btod_d2e)
    CL$$btod_d2e_denorm_low                  0x080013dc   Section       70  btod.o(CL$$btod_d2e_denorm_low)
    CL$$btod_d2e_norm_op1                    0x08001422   Section       96  btod.o(CL$$btod_d2e_norm_op1)
    CL$$btod_div_common                      0x08001482   Section      824  btod.o(CL$$btod_div_common)
    CL$$btod_e2e                             0x080017ba   Section      220  btod.o(CL$$btod_e2e)
    CL$$btod_ediv                            0x08001896   Section       42  btod.o(CL$$btod_ediv)
    CL$$btod_emul                            0x080018c0   Section       42  btod.o(CL$$btod_emul)
    CL$$btod_mult_common                     0x080018ea   Section      580  btod.o(CL$$btod_mult_common)
    i.BusFault_Handler                       0x08001b2e   Section        0  gd32f10x_it.o(i.BusFault_Handler)
    i.DebugMon_Handler                       0x08001b32   Section        0  gd32f10x_it.o(i.DebugMon_Handler)
    i.HardFault_Handler                      0x08001b36   Section        0  gd32f10x_it.o(i.HardFault_Handler)
    i.MemManage_Handler                      0x08001b3a   Section        0  gd32f10x_it.o(i.MemManage_Handler)
    i.NMI_Handler                            0x08001b3e   Section        0  gd32f10x_it.o(i.NMI_Handler)
    i.PendSV_Handler                         0x08001b42   Section        0  gd32f10x_it.o(i.PendSV_Handler)
    i.SVC_Handler                            0x08001b46   Section        0  gd32f10x_it.o(i.SVC_Handler)
    i.SysTick_Handler                        0x08001b4a   Section        0  gd32f10x_it.o(i.SysTick_Handler)
    i.SystemInit                             0x08001b4c   Section        0  system_gd32f10x.o(i.SystemInit)
    i.UsageFault_Handler                     0x08001c20   Section        0  gd32f10x_it.o(i.UsageFault_Handler)
    i.__ARM_fpclassify                       0x08001c24   Section        0  fpclassify.o(i.__ARM_fpclassify)
    i._is_digit                              0x08001c4c   Section        0  __printf_wp.o(i._is_digit)
    i.board_init                             0x08001c5a   Section        0  board.o(i.board_init)
    i.debug_printf                           0x08001c78   Section        0  driver_uart.o(i.debug_printf)
    i.gpio_init                              0x08001cd4   Section        0  gd32f10x_gpio.o(i.gpio_init)
    i.main                                   0x08001d80   Section        0  main.o(i.main)
    i.nvic_irq_enable                        0x08001da4   Section        0  gd32f10x_misc.o(i.nvic_irq_enable)
    i.nvic_priority_group_set                0x08001e50   Section        0  gd32f10x_misc.o(i.nvic_priority_group_set)
    i.nvic_vector_table_set                  0x08001e64   Section        0  gd32f10x_misc.o(i.nvic_vector_table_set)
    i.rcu_clock_freq_get                     0x08001e7c   Section        0  gd32f10x_rcu.o(i.rcu_clock_freq_get)
    i.rcu_periph_clock_enable                0x08001fa0   Section        0  gd32f10x_rcu.o(i.rcu_periph_clock_enable)
    i.rcu_periph_reset_disable               0x08001fc0   Section        0  gd32f10x_rcu.o(i.rcu_periph_reset_disable)
    i.rcu_periph_reset_enable                0x08001fe0   Section        0  gd32f10x_rcu.o(i.rcu_periph_reset_enable)
    i.system_clock_108m_hxtal                0x08002000   Section        0  system_gd32f10x.o(i.system_clock_108m_hxtal)
    system_clock_108m_hxtal                  0x08002001   Thumb Code   182  system_gd32f10x.o(i.system_clock_108m_hxtal)
    i.system_clock_config                    0x080020c4   Section        0  system_gd32f10x.o(i.system_clock_config)
    system_clock_config                      0x080020c5   Thumb Code     8  system_gd32f10x.o(i.system_clock_config)
    i.uart_debug_init                        0x080020cc   Section        0  driver_uart.o(i.uart_debug_init)
    i.uart_gpio_init                         0x08002100   Section        0  driver_uart.o(i.uart_gpio_init)
    uart_gpio_init                           0x08002101   Thumb Code    68  driver_uart.o(i.uart_gpio_init)
    i.uart_init                              0x08002154   Section        0  driver_uart.o(i.uart_init)
    uart_init                                0x08002155   Thumb Code    90  driver_uart.o(i.uart_init)
    i.uart_recv_callback                     0x080021ae   Section        0  main.o(i.uart_recv_callback)
    i.usart_baudrate_set                     0x080021b0   Section        0  gd32f10x_usart.o(i.usart_baudrate_set)
    i.usart_data_transmit                    0x08002240   Section        0  gd32f10x_usart.o(i.usart_data_transmit)
    i.usart_deinit                           0x08002248   Section        0  gd32f10x_usart.o(i.usart_deinit)
    i.usart_enable                           0x080022d8   Section        0  gd32f10x_usart.o(i.usart_enable)
    i.usart_flag_get                         0x080022e2   Section        0  gd32f10x_usart.o(i.usart_flag_get)
    i.usart_hardware_flow_cts_config         0x08002300   Section        0  gd32f10x_usart.o(i.usart_hardware_flow_cts_config)
    i.usart_hardware_flow_rts_config         0x08002314   Section        0  gd32f10x_usart.o(i.usart_hardware_flow_rts_config)
    i.usart_parity_config                    0x08002328   Section        0  gd32f10x_usart.o(i.usart_parity_config)
    i.usart_receive_config                   0x08002338   Section        0  gd32f10x_usart.o(i.usart_receive_config)
    i.usart_stop_bit_set                     0x08002348   Section        0  gd32f10x_usart.o(i.usart_stop_bit_set)
    i.usart_transmit_config                  0x08002358   Section        0  gd32f10x_usart.o(i.usart_transmit_config)
    i.usart_word_length_set                  0x08002368   Section        0  gd32f10x_usart.o(i.usart_word_length_set)
    locale$$code                             0x08002378   Section       44  lc_numeric_c.o(locale$$code)
    locale$$code                             0x080023a4   Section       44  lc_ctype_c.o(locale$$code)
    x$fpl$printf1                            0x080023d0   Section        4  printf1.o(x$fpl$printf1)
    x$fpl$printf2                            0x080023d4   Section        4  printf2.o(x$fpl$printf2)
    .constdata                               0x080023d8   Section        8  _printf_wctomb.o(.constdata)
    x$fpl$usenofp                            0x080023d8   Section        0  usenofp.o(x$fpl$usenofp)
    initial_mbstate                          0x080023d8   Data           8  _printf_wctomb.o(.constdata)
    .constdata                               0x080023e0   Section       40  _printf_hex_int_ll_ptr.o(.constdata)
    uc_hextab                                0x080023e0   Data          20  _printf_hex_int_ll_ptr.o(.constdata)
    lc_hextab                                0x080023f4   Data          20  _printf_hex_int_ll_ptr.o(.constdata)
    .constdata                               0x08002408   Section       17  __printf_flags_ss_wp.o(.constdata)
    maptable                                 0x08002408   Data          17  __printf_flags_ss_wp.o(.constdata)
    .constdata                               0x08002419   Section       38  _printf_fp_hex.o(.constdata)
    lc_hextab                                0x08002419   Data          19  _printf_fp_hex.o(.constdata)
    uc_hextab                                0x0800242c   Data          19  _printf_fp_hex.o(.constdata)
    .constdata                               0x08002440   Section      148  bigflt0.o(.constdata)
    tenpwrs_x                                0x08002440   Data          60  bigflt0.o(.constdata)
    tenpwrs_i                                0x0800247c   Data          64  bigflt0.o(.constdata)
    locale$$data                             0x080024e4   Section       28  lc_numeric_c.o(locale$$data)
    __lcnum_c_name                           0x080024e8   Data           2  lc_numeric_c.o(locale$$data)
    __lcnum_c_start                          0x080024f0   Data           0  lc_numeric_c.o(locale$$data)
    __lcnum_c_point                          0x080024fc   Data           0  lc_numeric_c.o(locale$$data)
    __lcnum_c_thousands                      0x080024fe   Data           0  lc_numeric_c.o(locale$$data)
    __lcnum_c_grouping                       0x080024ff   Data           0  lc_numeric_c.o(locale$$data)
    locale$$data                             0x08002500   Section      272  lc_ctype_c.o(locale$$data)
    __lcnum_c_end                            0x08002500   Data           0  lc_numeric_c.o(locale$$data)
    __lcctype_c_name                         0x08002504   Data           2  lc_ctype_c.o(locale$$data)
    __lcctype_c_start                        0x0800250c   Data           0  lc_ctype_c.o(locale$$data)
    __lcctype_c_end                          0x08002610   Data           0  lc_ctype_c.o(locale$$data)
    .bss                                     0x20000000   Section     1048  driver_uart.o(.bss)
    U0_TxBuff                                0x20000018   Data        1024  driver_uart.o(.bss)
    .bss                                     0x20000418   Section       96  libspace.o(.bss)
    HEAP                                     0x20000478   Section      512  startup_gd32f10x_md.o(HEAP)
    Heap_Mem                                 0x20000478   Data         512  startup_gd32f10x_md.o(HEAP)
    STACK                                    0x20000678   Section     1024  startup_gd32f10x_md.o(STACK)
    Stack_Mem                                0x20000678   Data        1024  startup_gd32f10x_md.o(STACK)
    __initial_sp                             0x20000a78   Data           0  startup_gd32f10x_md.o(STACK)

    Global Symbols

    Symbol Name                              Value     Ov Type        Size  Object(Section)

    BuildAttributes$$THM_ISAv4$P$D$K$B$S$PE$A:L22UL41UL21$X:L11$S22US41US21$IEEE1$IW$USESV6$~STKCKD$USESV7$~SHL$OTIME$ROPI$IEEEJ$EBA8$UX$STANDARDLIB$REQ8$PRES8$EABIv2 0x00000000   Number         0  anon$$obj.o ABSOLUTE
    __ARM_use_no_argv                        0x00000000   Number         0  main.o ABSOLUTE
    _printf_flags                            0x00000000   Number         0  printf_stubs.o ABSOLUTE
    _printf_return_value                     0x00000000   Number         0  printf_stubs.o ABSOLUTE
    _printf_sizespec                         0x00000000   Number         0  printf_stubs.o ABSOLUTE
    _printf_widthprec                        0x00000000   Number         0  printf_stubs.o ABSOLUTE
    __ARM_exceptions_init                     - Undefined Weak Reference
    __alloca_initialize                       - Undefined Weak Reference
    __arm_fini_                               - Undefined Weak Reference
    __arm_preinit_                            - Undefined Weak Reference
    __cpp_initialize__aeabi_                  - Undefined Weak Reference
    __cxa_finalize                            - Undefined Weak Reference
    __sigvec_lookup                           - Undefined Weak Reference
    _atexit_init                              - Undefined Weak Reference
    _call_atexit_fns                          - Undefined Weak Reference
    _clock_init                               - Undefined Weak Reference
    _fp_trap_init                             - Undefined Weak Reference
    _fp_trap_shutdown                         - Undefined Weak Reference
    _get_lc_collate                           - Undefined Weak Reference
    _get_lc_monetary                          - Undefined Weak Reference
    _get_lc_time                              - Undefined Weak Reference
    _getenv_init                              - Undefined Weak Reference
    _handle_redirection                       - Undefined Weak Reference
    _init_alloc                               - Undefined Weak Reference
    _init_user_alloc                          - Undefined Weak Reference
    _initio                                   - Undefined Weak Reference
    _printf_mbtowc                            - Undefined Weak Reference
    _printf_wc                                - Undefined Weak Reference
    _rand_init                                - Undefined Weak Reference
    _signal_finish                            - Undefined Weak Reference
    _signal_init                              - Undefined Weak Reference
    _terminate_alloc                          - Undefined Weak Reference
    _terminate_user_alloc                     - Undefined Weak Reference
    _terminateio                              - Undefined Weak Reference
    __Vectors_Size                           0x00000104   Number         0  startup_gd32f10x_md.o ABSOLUTE
    __Vectors                                0x08000000   Data           4  startup_gd32f10x_md.o(RESET)
    __Vectors_End                            0x08000104   Data           0  startup_gd32f10x_md.o(RESET)
    __main                                   0x08000105   Thumb Code     8  __main.o(!!!main)
    __scatterload                            0x0800010d   Thumb Code     0  __scatter.o(!!!scatter)
    __scatterload_rt2                        0x0800010d   Thumb Code    44  __scatter.o(!!!scatter)
    __scatterload_rt2_thumb_only             0x0800010d   Thumb Code     0  __scatter.o(!!!scatter)
    __scatterload_null                       0x0800011b   Thumb Code     0  __scatter.o(!!!scatter)
    __scatterload_zeroinit                   0x08000141   Thumb Code    28  __scatter_zi.o(!!handler_zi)
    _printf_n                                0x0800015d   Thumb Code     0  _printf_n.o(.ARM.Collect$$_printf_percent$$00000001)
    _printf_percent                          0x0800015d   Thumb Code     0  _printf_percent.o(.ARM.Collect$$_printf_percent$$00000000)
    _printf_p                                0x08000163   Thumb Code     0  _printf_p.o(.ARM.Collect$$_printf_percent$$00000002)
    _printf_f                                0x08000169   Thumb Code     0  _printf_f.o(.ARM.Collect$$_printf_percent$$00000003)
    _printf_e                                0x0800016f   Thumb Code     0  _printf_e.o(.ARM.Collect$$_printf_percent$$00000004)
    _printf_g                                0x08000175   Thumb Code     0  _printf_g.o(.ARM.Collect$$_printf_percent$$00000005)
    _printf_a                                0x0800017b   Thumb Code     0  _printf_a.o(.ARM.Collect$$_printf_percent$$00000006)
    _printf_ll                               0x08000181   Thumb Code     0  _printf_ll.o(.ARM.Collect$$_printf_percent$$00000007)
    _printf_i                                0x0800018b   Thumb Code     0  _printf_i.o(.ARM.Collect$$_printf_percent$$00000008)
    _printf_d                                0x08000191   Thumb Code     0  _printf_d.o(.ARM.Collect$$_printf_percent$$00000009)
    _printf_u                                0x08000197   Thumb Code     0  _printf_u.o(.ARM.Collect$$_printf_percent$$0000000A)
    _printf_o                                0x0800019d   Thumb Code     0  _printf_o.o(.ARM.Collect$$_printf_percent$$0000000B)
    _printf_x                                0x080001a3   Thumb Code     0  _printf_x.o(.ARM.Collect$$_printf_percent$$0000000C)
    _printf_lli                              0x080001a9   Thumb Code     0  _printf_lli.o(.ARM.Collect$$_printf_percent$$0000000D)
    _printf_lld                              0x080001af   Thumb Code     0  _printf_lld.o(.ARM.Collect$$_printf_percent$$0000000E)
    _printf_llu                              0x080001b5   Thumb Code     0  _printf_llu.o(.ARM.Collect$$_printf_percent$$0000000F)
    _printf_llo                              0x080001bb   Thumb Code     0  _printf_llo.o(.ARM.Collect$$_printf_percent$$00000010)
    _printf_llx                              0x080001c1   Thumb Code     0  _printf_llx.o(.ARM.Collect$$_printf_percent$$00000011)
    _printf_l                                0x080001c7   Thumb Code     0  _printf_l.o(.ARM.Collect$$_printf_percent$$00000012)
    _printf_c                                0x080001d1   Thumb Code     0  _printf_c.o(.ARM.Collect$$_printf_percent$$00000013)
    _printf_s                                0x080001d7   Thumb Code     0  _printf_s.o(.ARM.Collect$$_printf_percent$$00000014)
    _printf_lc                               0x080001dd   Thumb Code     0  _printf_lc.o(.ARM.Collect$$_printf_percent$$00000015)
    _printf_ls                               0x080001e3   Thumb Code     0  _printf_ls.o(.ARM.Collect$$_printf_percent$$00000016)
    _printf_percent_end                      0x080001e9   Thumb Code     0  _printf_percent_end.o(.ARM.Collect$$_printf_percent$$00000017)
    __rt_lib_init                            0x080001ed   Thumb Code     0  libinit.o(.ARM.Collect$$libinit$$00000000)
    __rt_lib_init_fp_1                       0x080001ef   Thumb Code     0  libinit2.o(.ARM.Collect$$libinit$$00000002)
    __rt_lib_init_heap_1                     0x080001ef   Thumb Code     0  libinit2.o(.ARM.Collect$$libinit$$0000000A)
    __rt_lib_init_lc_common                  0x080001ef   Thumb Code     0  libinit2.o(.ARM.Collect$$libinit$$0000000F)
    __rt_lib_init_preinit_1                  0x080001ef   Thumb Code     0  libinit2.o(.ARM.Collect$$libinit$$00000004)
    __rt_lib_init_rand_1                     0x080001ef   Thumb Code     0  libinit2.o(.ARM.Collect$$libinit$$0000000E)
    __rt_lib_init_user_alloc_1               0x080001ef   Thumb Code     0  libinit2.o(.ARM.Collect$$libinit$$0000000C)
    __rt_lib_init_lc_collate_1               0x080001f5   Thumb Code     0  libinit2.o(.ARM.Collect$$libinit$$00000011)
    __rt_lib_init_lc_ctype_2                 0x080001f5   Thumb Code     0  libinit2.o(.ARM.Collect$$libinit$$00000012)
    __rt_lib_init_lc_ctype_1                 0x08000201   Thumb Code     0  libinit2.o(.ARM.Collect$$libinit$$00000013)
    __rt_lib_init_lc_monetary_1              0x08000201   Thumb Code     0  libinit2.o(.ARM.Collect$$libinit$$00000015)
    __rt_lib_init_lc_numeric_2               0x08000201   Thumb Code     0  libinit2.o(.ARM.Collect$$libinit$$00000016)
    __rt_lib_init_alloca_1                   0x0800020b   Thumb Code     0  libinit2.o(.ARM.Collect$$libinit$$0000002E)
    __rt_lib_init_argv_1                     0x0800020b   Thumb Code     0  libinit2.o(.ARM.Collect$$libinit$$0000002C)
    __rt_lib_init_atexit_1                   0x0800020b   Thumb Code     0  libinit2.o(.ARM.Collect$$libinit$$0000001B)
    __rt_lib_init_clock_1                    0x0800020b   Thumb Code     0  libinit2.o(.ARM.Collect$$libinit$$00000021)
    __rt_lib_init_cpp_1                      0x0800020b   Thumb Code     0  libinit2.o(.ARM.Collect$$libinit$$00000032)
    __rt_lib_init_exceptions_1               0x0800020b   Thumb Code     0  libinit2.o(.ARM.Collect$$libinit$$00000030)
    __rt_lib_init_fp_trap_1                  0x0800020b   Thumb Code     0  libinit2.o(.ARM.Collect$$libinit$$0000001F)
    __rt_lib_init_getenv_1                   0x0800020b   Thumb Code     0  libinit2.o(.ARM.Collect$$libinit$$00000023)
    __rt_lib_init_lc_numeric_1               0x0800020b   Thumb Code     0  libinit2.o(.ARM.Collect$$libinit$$00000017)
    __rt_lib_init_lc_time_1                  0x0800020b   Thumb Code     0  libinit2.o(.ARM.Collect$$libinit$$00000019)
    __rt_lib_init_return                     0x0800020b   Thumb Code     0  libinit2.o(.ARM.Collect$$libinit$$00000033)
    __rt_lib_init_signal_1                   0x0800020b   Thumb Code     0  libinit2.o(.ARM.Collect$$libinit$$0000001D)
    __rt_lib_init_stdio_1                    0x0800020b   Thumb Code     0  libinit2.o(.ARM.Collect$$libinit$$00000025)
    __rt_lib_shutdown                        0x0800020d   Thumb Code     0  libshutdown.o(.ARM.Collect$$libshutdown$$00000000)
    __rt_lib_shutdown_cpp_1                  0x0800020f   Thumb Code     0  libshutdown2.o(.ARM.Collect$$libshutdown$$00000004)
    __rt_lib_shutdown_fini_1                 0x0800020f   Thumb Code     0  libshutdown2.o(.ARM.Collect$$libshutdown$$00000002)
    __rt_lib_shutdown_fp_trap_1              0x0800020f   Thumb Code     0  libshutdown2.o(.ARM.Collect$$libshutdown$$00000009)
    __rt_lib_shutdown_heap_1                 0x0800020f   Thumb Code     0  libshutdown2.o(.ARM.Collect$$libshutdown$$00000011)
    __rt_lib_shutdown_return                 0x0800020f   Thumb Code     0  libshutdown2.o(.ARM.Collect$$libshutdown$$00000012)
    __rt_lib_shutdown_signal_1               0x0800020f   Thumb Code     0  libshutdown2.o(.ARM.Collect$$libshutdown$$0000000C)
    __rt_lib_shutdown_stdio_1                0x0800020f   Thumb Code     0  libshutdown2.o(.ARM.Collect$$libshutdown$$00000006)
    __rt_lib_shutdown_user_alloc_1           0x0800020f   Thumb Code     0  libshutdown2.o(.ARM.Collect$$libshutdown$$0000000E)
    __rt_entry                               0x08000211   Thumb Code     0  __rtentry.o(.ARM.Collect$$rtentry$$00000000)
    __rt_entry_presh_1                       0x08000211   Thumb Code     0  __rtentry2.o(.ARM.Collect$$rtentry$$00000002)
    __rt_entry_sh                            0x08000211   Thumb Code     0  __rtentry4.o(.ARM.Collect$$rtentry$$00000004)
    __rt_entry_li                            0x08000217   Thumb Code     0  __rtentry2.o(.ARM.Collect$$rtentry$$0000000A)
    __rt_entry_postsh_1                      0x08000217   Thumb Code     0  __rtentry2.o(.ARM.Collect$$rtentry$$00000009)
    __rt_entry_main                          0x0800021b   Thumb Code     0  __rtentry2.o(.ARM.Collect$$rtentry$$0000000D)
    __rt_entry_postli_1                      0x0800021b   Thumb Code     0  __rtentry2.o(.ARM.Collect$$rtentry$$0000000C)
    __rt_exit                                0x08000223   Thumb Code     0  rtexit.o(.ARM.Collect$$rtexit$$00000000)
    __rt_exit_ls                             0x08000225   Thumb Code     0  rtexit2.o(.ARM.Collect$$rtexit$$00000003)
    __rt_exit_prels_1                        0x08000225   Thumb Code     0  rtexit2.o(.ARM.Collect$$rtexit$$00000002)
    __rt_exit_exit                           0x08000229   Thumb Code     0  rtexit2.o(.ARM.Collect$$rtexit$$00000004)
    Reset_Handler                            0x08000231   Thumb Code     8  startup_gd32f10x_md.o(.text)
    ADC0_1_IRQHandler                        0x0800024b   Thumb Code     0  startup_gd32f10x_md.o(.text)
    CAN0_EWMC_IRQHandler                     0x0800024b   Thumb Code     0  startup_gd32f10x_md.o(.text)
    CAN0_RX1_IRQHandler                      0x0800024b   Thumb Code     0  startup_gd32f10x_md.o(.text)
    DMA0_Channel0_IRQHandler                 0x0800024b   Thumb Code     0  startup_gd32f10x_md.o(.text)
    DMA0_Channel1_IRQHandler                 0x0800024b   Thumb Code     0  startup_gd32f10x_md.o(.text)
    DMA0_Channel2_IRQHandler                 0x0800024b   Thumb Code     0  startup_gd32f10x_md.o(.text)
    DMA0_Channel3_IRQHandler                 0x0800024b   Thumb Code     0  startup_gd32f10x_md.o(.text)
    DMA0_Channel4_IRQHandler                 0x0800024b   Thumb Code     0  startup_gd32f10x_md.o(.text)
    DMA0_Channel5_IRQHandler                 0x0800024b   Thumb Code     0  startup_gd32f10x_md.o(.text)
    DMA0_Channel6_IRQHandler                 0x0800024b   Thumb Code     0  startup_gd32f10x_md.o(.text)
    EXMC_IRQHandler                          0x0800024b   Thumb Code     0  startup_gd32f10x_md.o(.text)
    EXTI0_IRQHandler                         0x0800024b   Thumb Code     0  startup_gd32f10x_md.o(.text)
    EXTI10_15_IRQHandler                     0x0800024b   Thumb Code     0  startup_gd32f10x_md.o(.text)
    EXTI1_IRQHandler                         0x0800024b   Thumb Code     0  startup_gd32f10x_md.o(.text)
    EXTI2_IRQHandler                         0x0800024b   Thumb Code     0  startup_gd32f10x_md.o(.text)
    EXTI3_IRQHandler                         0x0800024b   Thumb Code     0  startup_gd32f10x_md.o(.text)
    EXTI4_IRQHandler                         0x0800024b   Thumb Code     0  startup_gd32f10x_md.o(.text)
    EXTI5_9_IRQHandler                       0x0800024b   Thumb Code     0  startup_gd32f10x_md.o(.text)
    FMC_IRQHandler                           0x0800024b   Thumb Code     0  startup_gd32f10x_md.o(.text)
    I2C0_ER_IRQHandler                       0x0800024b   Thumb Code     0  startup_gd32f10x_md.o(.text)
    I2C0_EV_IRQHandler                       0x0800024b   Thumb Code     0  startup_gd32f10x_md.o(.text)
    I2C1_ER_IRQHandler                       0x0800024b   Thumb Code     0  startup_gd32f10x_md.o(.text)
    I2C1_EV_IRQHandler                       0x0800024b   Thumb Code     0  startup_gd32f10x_md.o(.text)
    LVD_IRQHandler                           0x0800024b   Thumb Code     0  startup_gd32f10x_md.o(.text)
    RCU_IRQHandler                           0x0800024b   Thumb Code     0  startup_gd32f10x_md.o(.text)
    RTC_Alarm_IRQHandler                     0x0800024b   Thumb Code     0  startup_gd32f10x_md.o(.text)
    RTC_IRQHandler                           0x0800024b   Thumb Code     0  startup_gd32f10x_md.o(.text)
    SPI0_IRQHandler                          0x0800024b   Thumb Code     0  startup_gd32f10x_md.o(.text)
    SPI1_IRQHandler                          0x0800024b   Thumb Code     0  startup_gd32f10x_md.o(.text)
    TAMPER_IRQHandler                        0x0800024b   Thumb Code     0  startup_gd32f10x_md.o(.text)
    TIMER0_BRK_IRQHandler                    0x0800024b   Thumb Code     0  startup_gd32f10x_md.o(.text)
    TIMER0_Channel_IRQHandler                0x0800024b   Thumb Code     0  startup_gd32f10x_md.o(.text)
    TIMER0_TRG_CMT_IRQHandler                0x0800024b   Thumb Code     0  startup_gd32f10x_md.o(.text)
    TIMER0_UP_IRQHandler                     0x0800024b   Thumb Code     0  startup_gd32f10x_md.o(.text)
    TIMER1_IRQHandler                        0x0800024b   Thumb Code     0  startup_gd32f10x_md.o(.text)
    TIMER2_IRQHandler                        0x0800024b   Thumb Code     0  startup_gd32f10x_md.o(.text)
    TIMER3_IRQHandler                        0x0800024b   Thumb Code     0  startup_gd32f10x_md.o(.text)
    USART0_IRQHandler                        0x0800024b   Thumb Code     0  startup_gd32f10x_md.o(.text)
    USART1_IRQHandler                        0x0800024b   Thumb Code     0  startup_gd32f10x_md.o(.text)
    USART2_IRQHandler                        0x0800024b   Thumb Code     0  startup_gd32f10x_md.o(.text)
    USBD_HP_CAN0_TX_IRQHandler               0x0800024b   Thumb Code     0  startup_gd32f10x_md.o(.text)
    USBD_LP_CAN0_RX0_IRQHandler              0x0800024b   Thumb Code     0  startup_gd32f10x_md.o(.text)
    USBD_WKUP_IRQHandler                     0x0800024b   Thumb Code     0  startup_gd32f10x_md.o(.text)
    WWDGT_IRQHandler                         0x0800024b   Thumb Code     0  startup_gd32f10x_md.o(.text)
    __user_initial_stackheap                 0x0800024d   Thumb Code    10  startup_gd32f10x_md.o(.text)
    vsprintf                                 0x08000271   Thumb Code    32  vsprintf.o(.text)
    strlen                                   0x08000295   Thumb Code    62  strlen.o(.text)
    __use_two_region_memory                  0x080002d3   Thumb Code     2  heapauxi.o(.text)
    __rt_heap_escrow$2region                 0x080002d5   Thumb Code     2  heapauxi.o(.text)
    __rt_heap_expand$2region                 0x080002d7   Thumb Code     2  heapauxi.o(.text)
    _printf_pre_padding                      0x080002d9   Thumb Code    44  _printf_pad.o(.text)
    _printf_post_padding                     0x08000305   Thumb Code    34  _printf_pad.o(.text)
    _printf_truncate_signed                  0x08000327   Thumb Code    18  _printf_truncate.o(.text)
    _printf_truncate_unsigned                0x08000339   Thumb Code    18  _printf_truncate.o(.text)
    _printf_str                              0x0800034b   Thumb Code    82  _printf_str.o(.text)
    _printf_int_dec                          0x0800039d   Thumb Code   104  _printf_dec.o(.text)
    _printf_charcount                        0x08000415   Thumb Code    40  _printf_charcount.o(.text)
    _printf_char_common                      0x08000447   Thumb Code    32  _printf_char_common.o(.text)
    _sputc                                   0x0800046d   Thumb Code    10  _sputc.o(.text)
    _printf_wctomb                           0x08000479   Thumb Code   182  _printf_wctomb.o(.text)
    _printf_longlong_dec                     0x08000535   Thumb Code   108  _printf_longlong_dec.o(.text)
    _printf_longlong_oct                     0x080005b1   Thumb Code    66  _printf_oct_int_ll.o(.text)
    _printf_int_oct                          0x080005f3   Thumb Code    24  _printf_oct_int_ll.o(.text)
    _printf_ll_oct                           0x0800060b   Thumb Code    12  _printf_oct_int_ll.o(.text)
    _printf_longlong_hex                     0x08000621   Thumb Code    86  _printf_hex_int_ll_ptr.o(.text)
    _printf_int_hex                          0x08000677   Thumb Code    28  _printf_hex_int_ll_ptr.o(.text)
    _printf_ll_hex                           0x08000693   Thumb Code    12  _printf_hex_int_ll_ptr.o(.text)
    _printf_hex_ptr                          0x0800069f   Thumb Code    18  _printf_hex_int_ll_ptr.o(.text)
    __printf                                 0x080006b5   Thumb Code   388  __printf_flags_ss_wp.o(.text)
    _ll_udiv10                               0x0800083d   Thumb Code   138  lludiv10.o(.text)
    _printf_int_common                       0x080008c7   Thumb Code   178  _printf_intcommon.o(.text)
    __lib_sel_fp_printf                      0x08000979   Thumb Code     2  _printf_fp_dec.o(.text)
    _printf_fp_dec_real                      0x08000b2b   Thumb Code   620  _printf_fp_dec.o(.text)
    _printf_fp_hex_real                      0x08000d99   Thumb Code   756  _printf_fp_hex.o(.text)
    _printf_cs_common                        0x08001095   Thumb Code    20  _printf_char.o(.text)
    _printf_char                             0x080010a9   Thumb Code    16  _printf_char.o(.text)
    _printf_string                           0x080010b9   Thumb Code     8  _printf_char.o(.text)
    _printf_lcs_common                       0x080010c1   Thumb Code    20  _printf_wchar.o(.text)
    _printf_wchar                            0x080010d5   Thumb Code    16  _printf_wchar.o(.text)
    _printf_wstring                          0x080010e5   Thumb Code     8  _printf_wchar.o(.text)
    _wcrtomb                                 0x080010ed   Thumb Code    64  _wcrtomb.o(.text)
    __user_setup_stackheap                   0x0800112d   Thumb Code    74  sys_stackheap_outer.o(.text)
    __rt_ctype_table                         0x08001179   Thumb Code    16  rt_ctype_table.o(.text)
    __rt_locale                              0x08001189   Thumb Code     8  rt_locale_intlibspace.o(.text)
    _printf_fp_infnan                        0x08001191   Thumb Code   112  _printf_fp_infnan.o(.text)
    _btod_etento                             0x08001211   Thumb Code   224  bigflt0.o(.text)
    exit                                     0x080012f5   Thumb Code    18  exit.o(.text)
    __user_libspace                          0x08001309   Thumb Code     8  libspace.o(.text)
    __user_perproc_libspace                  0x08001309   Thumb Code     0  libspace.o(.text)
    __user_perthread_libspace                0x08001309   Thumb Code     0  libspace.o(.text)
    strcmp                                   0x08001311   Thumb Code   128  strcmpv7m.o(.text)
    _sys_exit                                0x08001391   Thumb Code     8  sys_exit.o(.text)
    __I$use$semihosting                      0x0800139d   Thumb Code     0  use_no_semi.o(.text)
    __use_no_semihosting_swi                 0x0800139d   Thumb Code     2  use_no_semi.o(.text)
    __semihosting_library_function           0x0800139f   Thumb Code     0  indicate_semi.o(.text)
    _btod_d2e                                0x0800139f   Thumb Code    62  btod.o(CL$$btod_d2e)
    _d2e_denorm_low                          0x080013dd   Thumb Code    70  btod.o(CL$$btod_d2e_denorm_low)
    _d2e_norm_op1                            0x08001423   Thumb Code    96  btod.o(CL$$btod_d2e_norm_op1)
    __btod_div_common                        0x08001483   Thumb Code   696  btod.o(CL$$btod_div_common)
    _e2e                                     0x080017bb   Thumb Code   220  btod.o(CL$$btod_e2e)
    _btod_ediv                               0x08001897   Thumb Code    42  btod.o(CL$$btod_ediv)
    _btod_emul                               0x080018c1   Thumb Code    42  btod.o(CL$$btod_emul)
    __btod_mult_common                       0x080018eb   Thumb Code   580  btod.o(CL$$btod_mult_common)
    BusFault_Handler                         0x08001b2f   Thumb Code     4  gd32f10x_it.o(i.BusFault_Handler)
    DebugMon_Handler                         0x08001b33   Thumb Code     4  gd32f10x_it.o(i.DebugMon_Handler)
    HardFault_Handler                        0x08001b37   Thumb Code     4  gd32f10x_it.o(i.HardFault_Handler)
    MemManage_Handler                        0x08001b3b   Thumb Code     4  gd32f10x_it.o(i.MemManage_Handler)
    NMI_Handler                              0x08001b3f   Thumb Code     4  gd32f10x_it.o(i.NMI_Handler)
    PendSV_Handler                           0x08001b43   Thumb Code     4  gd32f10x_it.o(i.PendSV_Handler)
    SVC_Handler                              0x08001b47   Thumb Code     4  gd32f10x_it.o(i.SVC_Handler)
    SysTick_Handler                          0x08001b4b   Thumb Code     2  gd32f10x_it.o(i.SysTick_Handler)
    SystemInit                               0x08001b4d   Thumb Code   196  system_gd32f10x.o(i.SystemInit)
    UsageFault_Handler                       0x08001c21   Thumb Code     4  gd32f10x_it.o(i.UsageFault_Handler)
    __ARM_fpclassify                         0x08001c25   Thumb Code    40  fpclassify.o(i.__ARM_fpclassify)
    _is_digit                                0x08001c4d   Thumb Code    14  __printf_wp.o(i._is_digit)
    board_init                               0x08001c5b   Thumb Code    28  board.o(i.board_init)
    debug_printf                             0x08001c79   Thumb Code    84  driver_uart.o(i.debug_printf)
    gpio_init                                0x08001cd5   Thumb Code   172  gd32f10x_gpio.o(i.gpio_init)
    main                                     0x08001d81   Thumb Code    20  main.o(i.main)
    nvic_irq_enable                          0x08001da5   Thumb Code   162  gd32f10x_misc.o(i.nvic_irq_enable)
    nvic_priority_group_set                  0x08001e51   Thumb Code    10  gd32f10x_misc.o(i.nvic_priority_group_set)
    nvic_vector_table_set                    0x08001e65   Thumb Code    16  gd32f10x_misc.o(i.nvic_vector_table_set)
    rcu_clock_freq_get                       0x08001e7d   Thumb Code   264  gd32f10x_rcu.o(i.rcu_clock_freq_get)
    rcu_periph_clock_enable                  0x08001fa1   Thumb Code    28  gd32f10x_rcu.o(i.rcu_periph_clock_enable)
    rcu_periph_reset_disable                 0x08001fc1   Thumb Code    28  gd32f10x_rcu.o(i.rcu_periph_reset_disable)
    rcu_periph_reset_enable                  0x08001fe1   Thumb Code    28  gd32f10x_rcu.o(i.rcu_periph_reset_enable)
    uart_debug_init                          0x080020cd   Thumb Code    40  driver_uart.o(i.uart_debug_init)
    uart_recv_callback                       0x080021af   Thumb Code     2  main.o(i.uart_recv_callback)
    usart_baudrate_set                       0x080021b1   Thumb Code   136  gd32f10x_usart.o(i.usart_baudrate_set)
    usart_data_transmit                      0x08002241   Thumb Code     8  gd32f10x_usart.o(i.usart_data_transmit)
    usart_deinit                             0x08002249   Thumb Code   136  gd32f10x_usart.o(i.usart_deinit)
    usart_enable                             0x080022d9   Thumb Code    10  gd32f10x_usart.o(i.usart_enable)
    usart_flag_get                           0x080022e3   Thumb Code    30  gd32f10x_usart.o(i.usart_flag_get)
    usart_hardware_flow_cts_config           0x08002301   Thumb Code    20  gd32f10x_usart.o(i.usart_hardware_flow_cts_config)
    usart_hardware_flow_rts_config           0x08002315   Thumb Code    20  gd32f10x_usart.o(i.usart_hardware_flow_rts_config)
    usart_parity_config                      0x08002329   Thumb Code    16  gd32f10x_usart.o(i.usart_parity_config)
    usart_receive_config                     0x08002339   Thumb Code    16  gd32f10x_usart.o(i.usart_receive_config)
    usart_stop_bit_set                       0x08002349   Thumb Code    16  gd32f10x_usart.o(i.usart_stop_bit_set)
    usart_transmit_config                    0x08002359   Thumb Code    16  gd32f10x_usart.o(i.usart_transmit_config)
    usart_word_length_set                    0x08002369   Thumb Code    16  gd32f10x_usart.o(i.usart_word_length_set)
    _get_lc_numeric                          0x08002379   Thumb Code    44  lc_numeric_c.o(locale$$code)
    _get_lc_ctype                            0x080023a5   Thumb Code    44  lc_ctype_c.o(locale$$code)
    _printf_fp_dec                           0x080023d1   Thumb Code     4  printf1.o(x$fpl$printf1)
    _printf_fp_hex                           0x080023d5   Thumb Code     4  printf2.o(x$fpl$printf2)
    __I$use$fp                               0x080023d8   Number         0  usenofp.o(x$fpl$usenofp)
    Region$$Table$$Base                      0x080024d4   Number         0  anon$$obj.o(Region$$Table)
    Region$$Table$$Limit                     0x080024e4   Number         0  anon$$obj.o(Region$$Table)
    __ctype                                  0x0800250d   Data           0  lc_ctype_c.o(locale$$data)
    uart_debug                               0x20000000   Data          12  driver_uart.o(.bss)
    uart_4g                                  0x2000000c   Data          12  driver_uart.o(.bss)
    __libspace_start                         0x20000418   Data          96  libspace.o(.bss)
    __temporary_stack_top$libspace           0x20000478   Data           0  libspace.o(.bss)



==============================================================================

Memory Map of the image

  Image Entry point : 0x08000105

  Load Region LR_IROM1 (Base: 0x08000000, Size: 0x00002610, Max: 0x00010000, ABSOLUTE)

    Execution Region ER_IROM1 (Exec base: 0x08000000, Load base: 0x08000000, Size: 0x00002610, Max: 0x00010000, ABSOLUTE)

    Exec Addr    Load Addr    Size         Type   Attr      Idx    E Section Name        Object

    0x08000000   0x08000000   0x00000104   Data   RO         3622    RESET               startup_gd32f10x_md.o
    0x08000104   0x08000104   0x00000008   Code   RO         3635  * !!!main             c_w.l(__main.o)
    0x0800010c   0x0800010c   0x00000034   Code   RO         3958    !!!scatter          c_w.l(__scatter.o)
    0x08000140   0x08000140   0x0000001c   Code   RO         3960    !!handler_zi        c_w.l(__scatter_zi.o)
    0x0800015c   0x0800015c   0x00000000   Code   RO         3719    .ARM.Collect$$_printf_percent$$00000000  c_w.l(_printf_percent.o)
    0x0800015c   0x0800015c   0x00000006   Code   RO         3708    .ARM.Collect$$_printf_percent$$00000001  c_w.l(_printf_n.o)
    0x08000162   0x08000162   0x00000006   Code   RO         3710    .ARM.Collect$$_printf_percent$$00000002  c_w.l(_printf_p.o)
    0x08000168   0x08000168   0x00000006   Code   RO         3715    .ARM.Collect$$_printf_percent$$00000003  c_w.l(_printf_f.o)
    0x0800016e   0x0800016e   0x00000006   Code   RO         3716    .ARM.Collect$$_printf_percent$$00000004  c_w.l(_printf_e.o)
    0x08000174   0x08000174   0x00000006   Code   RO         3717    .ARM.Collect$$_printf_percent$$00000005  c_w.l(_printf_g.o)
    0x0800017a   0x0800017a   0x00000006   Code   RO         3718    .ARM.Collect$$_printf_percent$$00000006  c_w.l(_printf_a.o)
    0x08000180   0x08000180   0x0000000a   Code   RO         3723    .ARM.Collect$$_printf_percent$$00000007  c_w.l(_printf_ll.o)
    0x0800018a   0x0800018a   0x00000006   Code   RO         3712    .ARM.Collect$$_printf_percent$$00000008  c_w.l(_printf_i.o)
    0x08000190   0x08000190   0x00000006   Code   RO         3713    .ARM.Collect$$_printf_percent$$00000009  c_w.l(_printf_d.o)
    0x08000196   0x08000196   0x00000006   Code   RO         3714    .ARM.Collect$$_printf_percent$$0000000A  c_w.l(_printf_u.o)
    0x0800019c   0x0800019c   0x00000006   Code   RO         3711    .ARM.Collect$$_printf_percent$$0000000B  c_w.l(_printf_o.o)
    0x080001a2   0x080001a2   0x00000006   Code   RO         3709    .ARM.Collect$$_printf_percent$$0000000C  c_w.l(_printf_x.o)
    0x080001a8   0x080001a8   0x00000006   Code   RO         3720    .ARM.Collect$$_printf_percent$$0000000D  c_w.l(_printf_lli.o)
    0x080001ae   0x080001ae   0x00000006   Code   RO         3721    .ARM.Collect$$_printf_percent$$0000000E  c_w.l(_printf_lld.o)
    0x080001b4   0x080001b4   0x00000006   Code   RO         3722    .ARM.Collect$$_printf_percent$$0000000F  c_w.l(_printf_llu.o)
    0x080001ba   0x080001ba   0x00000006   Code   RO         3727    .ARM.Collect$$_printf_percent$$00000010  c_w.l(_printf_llo.o)
    0x080001c0   0x080001c0   0x00000006   Code   RO         3728    .ARM.Collect$$_printf_percent$$00000011  c_w.l(_printf_llx.o)
    0x080001c6   0x080001c6   0x0000000a   Code   RO         3724    .ARM.Collect$$_printf_percent$$00000012  c_w.l(_printf_l.o)
    0x080001d0   0x080001d0   0x00000006   Code   RO         3706    .ARM.Collect$$_printf_percent$$00000013  c_w.l(_printf_c.o)
    0x080001d6   0x080001d6   0x00000006   Code   RO         3707    .ARM.Collect$$_printf_percent$$00000014  c_w.l(_printf_s.o)
    0x080001dc   0x080001dc   0x00000006   Code   RO         3725    .ARM.Collect$$_printf_percent$$00000015  c_w.l(_printf_lc.o)
    0x080001e2   0x080001e2   0x00000006   Code   RO         3726    .ARM.Collect$$_printf_percent$$00000016  c_w.l(_printf_ls.o)
    0x080001e8   0x080001e8   0x00000004   Code   RO         3767    .ARM.Collect$$_printf_percent$$00000017  c_w.l(_printf_percent_end.o)
    0x080001ec   0x080001ec   0x00000002   Code   RO         3816    .ARM.Collect$$libinit$$00000000  c_w.l(libinit.o)
    0x080001ee   0x080001ee   0x00000000   Code   RO         3833    .ARM.Collect$$libinit$$00000002  c_w.l(libinit2.o)
    0x080001ee   0x080001ee   0x00000000   Code   RO         3835    .ARM.Collect$$libinit$$00000004  c_w.l(libinit2.o)
    0x080001ee   0x080001ee   0x00000000   Code   RO         3838    .ARM.Collect$$libinit$$0000000A  c_w.l(libinit2.o)
    0x080001ee   0x080001ee   0x00000000   Code   RO         3840    .ARM.Collect$$libinit$$0000000C  c_w.l(libinit2.o)
    0x080001ee   0x080001ee   0x00000000   Code   RO         3842    .ARM.Collect$$libinit$$0000000E  c_w.l(libinit2.o)
    0x080001ee   0x080001ee   0x00000006   Code   RO         3843    .ARM.Collect$$libinit$$0000000F  c_w.l(libinit2.o)
    0x080001f4   0x080001f4   0x00000000   Code   RO         3845    .ARM.Collect$$libinit$$00000011  c_w.l(libinit2.o)
    0x080001f4   0x080001f4   0x0000000c   Code   RO         3846    .ARM.Collect$$libinit$$00000012  c_w.l(libinit2.o)
    0x08000200   0x08000200   0x00000000   Code   RO         3847    .ARM.Collect$$libinit$$00000013  c_w.l(libinit2.o)
    0x08000200   0x08000200   0x00000000   Code   RO         3849    .ARM.Collect$$libinit$$00000015  c_w.l(libinit2.o)
    0x08000200   0x08000200   0x0000000a   Code   RO         3850    .ARM.Collect$$libinit$$00000016  c_w.l(libinit2.o)
    0x0800020a   0x0800020a   0x00000000   Code   RO         3851    .ARM.Collect$$libinit$$00000017  c_w.l(libinit2.o)
    0x0800020a   0x0800020a   0x00000000   Code   RO         3853    .ARM.Collect$$libinit$$00000019  c_w.l(libinit2.o)
    0x0800020a   0x0800020a   0x00000000   Code   RO         3855    .ARM.Collect$$libinit$$0000001B  c_w.l(libinit2.o)
    0x0800020a   0x0800020a   0x00000000   Code   RO         3857    .ARM.Collect$$libinit$$0000001D  c_w.l(libinit2.o)
    0x0800020a   0x0800020a   0x00000000   Code   RO         3859    .ARM.Collect$$libinit$$0000001F  c_w.l(libinit2.o)
    0x0800020a   0x0800020a   0x00000000   Code   RO         3861    .ARM.Collect$$libinit$$00000021  c_w.l(libinit2.o)
    0x0800020a   0x0800020a   0x00000000   Code   RO         3863    .ARM.Collect$$libinit$$00000023  c_w.l(libinit2.o)
    0x0800020a   0x0800020a   0x00000000   Code   RO         3865    .ARM.Collect$$libinit$$00000025  c_w.l(libinit2.o)
    0x0800020a   0x0800020a   0x00000000   Code   RO         3869    .ARM.Collect$$libinit$$0000002C  c_w.l(libinit2.o)
    0x0800020a   0x0800020a   0x00000000   Code   RO         3871    .ARM.Collect$$libinit$$0000002E  c_w.l(libinit2.o)
    0x0800020a   0x0800020a   0x00000000   Code   RO         3873    .ARM.Collect$$libinit$$00000030  c_w.l(libinit2.o)
    0x0800020a   0x0800020a   0x00000000   Code   RO         3875    .ARM.Collect$$libinit$$00000032  c_w.l(libinit2.o)
    0x0800020a   0x0800020a   0x00000002   Code   RO         3876    .ARM.Collect$$libinit$$00000033  c_w.l(libinit2.o)
    0x0800020c   0x0800020c   0x00000002   Code   RO         3896    .ARM.Collect$$libshutdown$$00000000  c_w.l(libshutdown.o)
    0x0800020e   0x0800020e   0x00000000   Code   RO         3909    .ARM.Collect$$libshutdown$$00000002  c_w.l(libshutdown2.o)
    0x0800020e   0x0800020e   0x00000000   Code   RO         3911    .ARM.Collect$$libshutdown$$00000004  c_w.l(libshutdown2.o)
    0x0800020e   0x0800020e   0x00000000   Code   RO         3913    .ARM.Collect$$libshutdown$$00000006  c_w.l(libshutdown2.o)
    0x0800020e   0x0800020e   0x00000000   Code   RO         3916    .ARM.Collect$$libshutdown$$00000009  c_w.l(libshutdown2.o)
    0x0800020e   0x0800020e   0x00000000   Code   RO         3919    .ARM.Collect$$libshutdown$$0000000C  c_w.l(libshutdown2.o)
    0x0800020e   0x0800020e   0x00000000   Code   RO         3921    .ARM.Collect$$libshutdown$$0000000E  c_w.l(libshutdown2.o)
    0x0800020e   0x0800020e   0x00000000   Code   RO         3924    .ARM.Collect$$libshutdown$$00000011  c_w.l(libshutdown2.o)
    0x0800020e   0x0800020e   0x00000002   Code   RO         3925    .ARM.Collect$$libshutdown$$00000012  c_w.l(libshutdown2.o)
    0x08000210   0x08000210   0x00000000   Code   RO         3637    .ARM.Collect$$rtentry$$00000000  c_w.l(__rtentry.o)
    0x08000210   0x08000210   0x00000000   Code   RO         3738    .ARM.Collect$$rtentry$$00000002  c_w.l(__rtentry2.o)
    0x08000210   0x08000210   0x00000006   Code   RO         3750    .ARM.Collect$$rtentry$$00000004  c_w.l(__rtentry4.o)
    0x08000216   0x08000216   0x00000000   Code   RO         3740    .ARM.Collect$$rtentry$$00000009  c_w.l(__rtentry2.o)
    0x08000216   0x08000216   0x00000004   Code   RO         3741    .ARM.Collect$$rtentry$$0000000A  c_w.l(__rtentry2.o)
    0x0800021a   0x0800021a   0x00000000   Code   RO         3743    .ARM.Collect$$rtentry$$0000000C  c_w.l(__rtentry2.o)
    0x0800021a   0x0800021a   0x00000008   Code   RO         3744    .ARM.Collect$$rtentry$$0000000D  c_w.l(__rtentry2.o)
    0x08000222   0x08000222   0x00000002   Code   RO         3825    .ARM.Collect$$rtexit$$00000000  c_w.l(rtexit.o)
    0x08000224   0x08000224   0x00000000   Code   RO         3878    .ARM.Collect$$rtexit$$00000002  c_w.l(rtexit2.o)
    0x08000224   0x08000224   0x00000004   Code   RO         3879    .ARM.Collect$$rtexit$$00000003  c_w.l(rtexit2.o)
    0x08000228   0x08000228   0x00000006   Code   RO         3880    .ARM.Collect$$rtexit$$00000004  c_w.l(rtexit2.o)
    0x0800022e   0x0800022e   0x00000002   PAD
    0x08000230   0x08000230   0x00000040   Code   RO         3623    .text               startup_gd32f10x_md.o
    0x08000270   0x08000270   0x00000024   Code   RO         3629    .text               c_w.l(vsprintf.o)
    0x08000294   0x08000294   0x0000003e   Code   RO         3631    .text               c_w.l(strlen.o)
    0x080002d2   0x080002d2   0x00000006   Code   RO         3633    .text               c_w.l(heapauxi.o)
    0x080002d8   0x080002d8   0x0000004e   Code   RO         3640    .text               c_w.l(_printf_pad.o)
    0x08000326   0x08000326   0x00000024   Code   RO         3642    .text               c_w.l(_printf_truncate.o)
    0x0800034a   0x0800034a   0x00000052   Code   RO         3644    .text               c_w.l(_printf_str.o)
    0x0800039c   0x0800039c   0x00000078   Code   RO         3646    .text               c_w.l(_printf_dec.o)
    0x08000414   0x08000414   0x00000028   Code   RO         3648    .text               c_w.l(_printf_charcount.o)
    0x0800043c   0x0800043c   0x00000030   Code   RO         3650    .text               c_w.l(_printf_char_common.o)
    0x0800046c   0x0800046c   0x0000000a   Code   RO         3652    .text               c_w.l(_sputc.o)
    0x08000476   0x08000476   0x00000002   PAD
    0x08000478   0x08000478   0x000000bc   Code   RO         3654    .text               c_w.l(_printf_wctomb.o)
    0x08000534   0x08000534   0x0000007c   Code   RO         3657    .text               c_w.l(_printf_longlong_dec.o)
    0x080005b0   0x080005b0   0x00000070   Code   RO         3663    .text               c_w.l(_printf_oct_int_ll.o)
    0x08000620   0x08000620   0x00000094   Code   RO         3683    .text               c_w.l(_printf_hex_int_ll_ptr.o)
    0x080006b4   0x080006b4   0x00000188   Code   RO         3703    .text               c_w.l(__printf_flags_ss_wp.o)
    0x0800083c   0x0800083c   0x0000008a   Code   RO         3752    .text               c_w.l(lludiv10.o)
    0x080008c6   0x080008c6   0x000000b2   Code   RO         3754    .text               c_w.l(_printf_intcommon.o)
    0x08000978   0x08000978   0x0000041e   Code   RO         3756    .text               c_w.l(_printf_fp_dec.o)
    0x08000d96   0x08000d96   0x00000002   PAD
    0x08000d98   0x08000d98   0x000002fc   Code   RO         3758    .text               c_w.l(_printf_fp_hex.o)
    0x08001094   0x08001094   0x0000002c   Code   RO         3763    .text               c_w.l(_printf_char.o)
    0x080010c0   0x080010c0   0x0000002c   Code   RO         3765    .text               c_w.l(_printf_wchar.o)
    0x080010ec   0x080010ec   0x00000040   Code   RO         3768    .text               c_w.l(_wcrtomb.o)
    0x0800112c   0x0800112c   0x0000004a   Code   RO         3770    .text               c_w.l(sys_stackheap_outer.o)
    0x08001176   0x08001176   0x00000002   PAD
    0x08001178   0x08001178   0x00000010   Code   RO         3772    .text               c_w.l(rt_ctype_table.o)
    0x08001188   0x08001188   0x00000008   Code   RO         3777    .text               c_w.l(rt_locale_intlibspace.o)
    0x08001190   0x08001190   0x00000080   Code   RO         3779    .text               c_w.l(_printf_fp_infnan.o)
    0x08001210   0x08001210   0x000000e4   Code   RO         3781    .text               c_w.l(bigflt0.o)
    0x080012f4   0x080012f4   0x00000012   Code   RO         3809    .text               c_w.l(exit.o)
    0x08001306   0x08001306   0x00000002   PAD
    0x08001308   0x08001308   0x00000008   Code   RO         3822    .text               c_w.l(libspace.o)
    0x08001310   0x08001310   0x00000080   Code   RO         3830    .text               c_w.l(strcmpv7m.o)
    0x08001390   0x08001390   0x0000000c   Code   RO         3888    .text               c_w.l(sys_exit.o)
    0x0800139c   0x0800139c   0x00000002   Code   RO         3899    .text               c_w.l(use_no_semi.o)
    0x0800139e   0x0800139e   0x00000000   Code   RO         3901    .text               c_w.l(indicate_semi.o)
    0x0800139e   0x0800139e   0x0000003e   Code   RO         3784    CL$$btod_d2e        c_w.l(btod.o)
    0x080013dc   0x080013dc   0x00000046   Code   RO         3786    CL$$btod_d2e_denorm_low  c_w.l(btod.o)
    0x08001422   0x08001422   0x00000060   Code   RO         3785    CL$$btod_d2e_norm_op1  c_w.l(btod.o)
    0x08001482   0x08001482   0x00000338   Code   RO         3794    CL$$btod_div_common  c_w.l(btod.o)
    0x080017ba   0x080017ba   0x000000dc   Code   RO         3791    CL$$btod_e2e        c_w.l(btod.o)
    0x08001896   0x08001896   0x0000002a   Code   RO         3788    CL$$btod_ediv       c_w.l(btod.o)
    0x080018c0   0x080018c0   0x0000002a   Code   RO         3787    CL$$btod_emul       c_w.l(btod.o)
    0x080018ea   0x080018ea   0x00000244   Code   RO         3793    CL$$btod_mult_common  c_w.l(btod.o)
    0x08001b2e   0x08001b2e   0x00000004   Code   RO          114    i.BusFault_Handler  gd32f10x_it.o
    0x08001b32   0x08001b32   0x00000004   Code   RO          115    i.DebugMon_Handler  gd32f10x_it.o
    0x08001b36   0x08001b36   0x00000004   Code   RO          116    i.HardFault_Handler  gd32f10x_it.o
    0x08001b3a   0x08001b3a   0x00000004   Code   RO          117    i.MemManage_Handler  gd32f10x_it.o
    0x08001b3e   0x08001b3e   0x00000004   Code   RO          118    i.NMI_Handler       gd32f10x_it.o
    0x08001b42   0x08001b42   0x00000004   Code   RO          119    i.PendSV_Handler    gd32f10x_it.o
    0x08001b46   0x08001b46   0x00000004   Code   RO          120    i.SVC_Handler       gd32f10x_it.o
    0x08001b4a   0x08001b4a   0x00000002   Code   RO          121    i.SysTick_Handler   gd32f10x_it.o
    0x08001b4c   0x08001b4c   0x000000d4   Code   RO         3586    i.SystemInit        system_gd32f10x.o
    0x08001c20   0x08001c20   0x00000004   Code   RO          122    i.UsageFault_Handler  gd32f10x_it.o
    0x08001c24   0x08001c24   0x00000028   Code   RO         3820    i.__ARM_fpclassify  m_ws.l(fpclassify.o)
    0x08001c4c   0x08001c4c   0x0000000e   Code   RO         3696    i._is_digit         c_w.l(__printf_wp.o)
    0x08001c5a   0x08001c5a   0x0000001c   Code   RO          185    i.board_init        board.o
    0x08001c76   0x08001c76   0x00000002   PAD
    0x08001c78   0x08001c78   0x0000005c   Code   RO          211    i.debug_printf      driver_uart.o
    0x08001cd4   0x08001cd4   0x000000ac   Code   RO         1556    i.gpio_init         gd32f10x_gpio.o
    0x08001d80   0x08001d80   0x00000024   Code   RO            3    i.main              main.o
    0x08001da4   0x08001da4   0x000000ac   Code   RO         1864    i.nvic_irq_enable   gd32f10x_misc.o
    0x08001e50   0x08001e50   0x00000014   Code   RO         1865    i.nvic_priority_group_set  gd32f10x_misc.o
    0x08001e64   0x08001e64   0x00000018   Code   RO         1866    i.nvic_vector_table_set  gd32f10x_misc.o
    0x08001e7c   0x08001e7c   0x00000124   Code   RO         2017    i.rcu_clock_freq_get  gd32f10x_rcu.o
    0x08001fa0   0x08001fa0   0x00000020   Code   RO         2034    i.rcu_periph_clock_enable  gd32f10x_rcu.o
    0x08001fc0   0x08001fc0   0x00000020   Code   RO         2037    i.rcu_periph_reset_disable  gd32f10x_rcu.o
    0x08001fe0   0x08001fe0   0x00000020   Code   RO         2038    i.rcu_periph_reset_enable  gd32f10x_rcu.o
    0x08002000   0x08002000   0x000000c4   Code   RO         3587    i.system_clock_108m_hxtal  system_gd32f10x.o
    0x080020c4   0x080020c4   0x00000008   Code   RO         3588    i.system_clock_config  system_gd32f10x.o
    0x080020cc   0x080020cc   0x00000034   Code   RO          212    i.uart_debug_init   driver_uart.o
    0x08002100   0x08002100   0x00000054   Code   RO          213    i.uart_gpio_init    driver_uart.o
    0x08002154   0x08002154   0x0000005a   Code   RO          214    i.uart_init         driver_uart.o
    0x080021ae   0x080021ae   0x00000002   Code   RO            4    i.uart_recv_callback  main.o
    0x080021b0   0x080021b0   0x00000090   Code   RO         3259    i.usart_baudrate_set  gd32f10x_usart.o
    0x08002240   0x08002240   0x00000008   Code   RO         3261    i.usart_data_transmit  gd32f10x_usart.o
    0x08002248   0x08002248   0x00000090   Code   RO         3262    i.usart_deinit      gd32f10x_usart.o
    0x080022d8   0x080022d8   0x0000000a   Code   RO         3266    i.usart_enable      gd32f10x_usart.o
    0x080022e2   0x080022e2   0x0000001e   Code   RO         3268    i.usart_flag_get    gd32f10x_usart.o
    0x08002300   0x08002300   0x00000014   Code   RO         3272    i.usart_hardware_flow_cts_config  gd32f10x_usart.o
    0x08002314   0x08002314   0x00000014   Code   RO         3273    i.usart_hardware_flow_rts_config  gd32f10x_usart.o
    0x08002328   0x08002328   0x00000010   Code   RO         3287    i.usart_parity_config  gd32f10x_usart.o
    0x08002338   0x08002338   0x00000010   Code   RO         3289    i.usart_receive_config  gd32f10x_usart.o
    0x08002348   0x08002348   0x00000010   Code   RO         3295    i.usart_stop_bit_set  gd32f10x_usart.o
    0x08002358   0x08002358   0x00000010   Code   RO         3299    i.usart_transmit_config  gd32f10x_usart.o
    0x08002368   0x08002368   0x00000010   Code   RO         3300    i.usart_word_length_set  gd32f10x_usart.o
    0x08002378   0x08002378   0x0000002c   Code   RO         3807    locale$$code        c_w.l(lc_numeric_c.o)
    0x080023a4   0x080023a4   0x0000002c   Code   RO         3828    locale$$code        c_w.l(lc_ctype_c.o)
    0x080023d0   0x080023d0   0x00000004   Code   RO         3729    x$fpl$printf1       fz_ws.l(printf1.o)
    0x080023d4   0x080023d4   0x00000004   Code   RO         3731    x$fpl$printf2       fz_ws.l(printf2.o)
    0x080023d8   0x080023d8   0x00000000   Code   RO         3819    x$fpl$usenofp       fz_ws.l(usenofp.o)
    0x080023d8   0x080023d8   0x00000008   Data   RO         3655    .constdata          c_w.l(_printf_wctomb.o)
    0x080023e0   0x080023e0   0x00000028   Data   RO         3684    .constdata          c_w.l(_printf_hex_int_ll_ptr.o)
    0x08002408   0x08002408   0x00000011   Data   RO         3704    .constdata          c_w.l(__printf_flags_ss_wp.o)
    0x08002419   0x08002419   0x00000026   Data   RO         3759    .constdata          c_w.l(_printf_fp_hex.o)
    0x0800243f   0x0800243f   0x00000001   PAD
    0x08002440   0x08002440   0x00000094   Data   RO         3782    .constdata          c_w.l(bigflt0.o)
    0x080024d4   0x080024d4   0x00000010   Data   RO         3956    Region$$Table       anon$$obj.o
    0x080024e4   0x080024e4   0x0000001c   Data   RO         3806    locale$$data        c_w.l(lc_numeric_c.o)
    0x08002500   0x08002500   0x00000110   Data   RO         3827    locale$$data        c_w.l(lc_ctype_c.o)


    Execution Region RW_IRAM1 (Exec base: 0x20000000, Load base: 0x08002610, Size: 0x00000a78, Max: 0x00005000, ABSOLUTE)

    Exec Addr    Load Addr    Size         Type   Attr      Idx    E Section Name        Object

    0x20000000        -       0x00000418   Zero   RW          215    .bss                driver_uart.o
    0x20000418        -       0x00000060   Zero   RW         3823    .bss                c_w.l(libspace.o)
    0x20000478        -       0x00000200   Zero   RW         3621    HEAP                startup_gd32f10x_md.o
    0x20000678        -       0x00000400   Zero   RW         3620    STACK               startup_gd32f10x_md.o


==============================================================================

Image component sizes


      Code (inc. data)   RO Data    RW Data    ZI Data      Debug   Object Name

        28          0          0          0          0        397   board.o
       318         36          0          0       1048       3738   driver_uart.o
       172          0          0          0          0        796   gd32f10x_gpio.o
        34          0          0          0          0       3478   gd32f10x_it.o
       216         28          0          0          0       1772   gd32f10x_misc.o
       388         40          0          0          0       2548   gd32f10x_rcu.o
       456         16          0          0          0       6614   gd32f10x_usart.o
        38         16          0          0          0      27892   main.o
        64         26        260          0       1536        832   startup_gd32f10x_md.o
       416         30          0          0          0       2177   system_gd32f10x.o

    ----------------------------------------------------------------------
      2132        192        276          0       2584      50244   Object Totals
         0          0         16          0          0          0   (incl. Generated)
         2          0          0          0          0          0   (incl. Padding)

    ----------------------------------------------------------------------

      Code (inc. data)   RO Data    RW Data    ZI Data      Debug   Library Member Name

         8          0          0          0          0         68   __main.o
       392          4         17          0          0         92   __printf_flags_ss_wp.o
        14          0          0          0          0         68   __printf_wp.o
         0          0          0          0          0          0   __rtentry.o
        12          0          0          0          0          0   __rtentry2.o
         6          0          0          0          0          0   __rtentry4.o
        52          8          0          0          0          0   __scatter.o
        28          0          0          0          0          0   __scatter_zi.o
         6          0          0          0          0          0   _printf_a.o
         6          0          0          0          0          0   _printf_c.o
        44          0          0          0          0        108   _printf_char.o
        48          6          0          0          0         96   _printf_char_common.o
        40          0          0          0          0         68   _printf_charcount.o
         6          0          0          0          0          0   _printf_d.o
       120         16          0          0          0         92   _printf_dec.o
         6          0          0          0          0          0   _printf_e.o
         6          0          0          0          0          0   _printf_f.o
      1054          0          0          0          0        216   _printf_fp_dec.o
       764          8         38          0          0        100   _printf_fp_hex.o
       128         16          0          0          0         84   _printf_fp_infnan.o
         6          0          0          0          0          0   _printf_g.o
       148          4         40          0          0        160   _printf_hex_int_ll_ptr.o
         6          0          0          0          0          0   _printf_i.o
       178          0          0          0          0         88   _printf_intcommon.o
        10          0          0          0          0          0   _printf_l.o
         6          0          0          0          0          0   _printf_lc.o
        10          0          0          0          0          0   _printf_ll.o
         6          0          0          0          0          0   _printf_lld.o
         6          0          0          0          0          0   _printf_lli.o
         6          0          0          0          0          0   _printf_llo.o
         6          0          0          0          0          0   _printf_llu.o
         6          0          0          0          0          0   _printf_llx.o
       124         16          0          0          0         92   _printf_longlong_dec.o
         6          0          0          0          0          0   _printf_ls.o
         6          0          0          0          0          0   _printf_n.o
         6          0          0          0          0          0   _printf_o.o
       112         10          0          0          0        124   _printf_oct_int_ll.o
         6          0          0          0          0          0   _printf_p.o
        78          0          0          0          0        108   _printf_pad.o
         0          0          0          0          0          0   _printf_percent.o
         4          0          0          0          0          0   _printf_percent_end.o
         6          0          0          0          0          0   _printf_s.o
        82          0          0          0          0         80   _printf_str.o
        36          0          0          0          0         84   _printf_truncate.o
         6          0          0          0          0          0   _printf_u.o
        44          0          0          0          0        108   _printf_wchar.o
       188          6          8          0          0         92   _printf_wctomb.o
         6          0          0          0          0          0   _printf_x.o
        10          0          0          0          0         68   _sputc.o
        64          0          0          0          0         92   _wcrtomb.o
       228          4        148          0          0         96   bigflt0.o
      1936        128          0          0          0        672   btod.o
        18          0          0          0          0         80   exit.o
         6          0          0          0          0        152   heapauxi.o
         0          0          0          0          0          0   indicate_semi.o
        44         10        272          0          0         76   lc_ctype_c.o
        44         10         28          0          0         76   lc_numeric_c.o
         2          0          0          0          0          0   libinit.o
        30          0          0          0          0          0   libinit2.o
         2          0          0          0          0          0   libshutdown.o
         2          0          0          0          0          0   libshutdown2.o
         8          4          0          0         96         68   libspace.o
       138          0          0          0          0         80   lludiv10.o
        16          4          0          0          0         76   rt_ctype_table.o
         8          4          0          0          0         68   rt_locale_intlibspace.o
         2          0          0          0          0          0   rtexit.o
        10          0          0          0          0          0   rtexit2.o
       128          0          0          0          0         68   strcmpv7m.o
        62          0          0          0          0         76   strlen.o
        12          4          0          0          0         68   sys_exit.o
        74          0          0          0          0         80   sys_stackheap_outer.o
         2          0          0          0          0         68   use_no_semi.o
        36          4          0          0          0         76   vsprintf.o
         4          0          0          0          0         68   printf1.o
         4          0          0          0          0         68   printf2.o
         0          0          0          0          0          0   usenofp.o
        40          0          0          0          0         68   fpclassify.o

    ----------------------------------------------------------------------
      6784        266        552          0         96       4172   Library Totals
        10          0          1          0          0          0   (incl. Padding)

    ----------------------------------------------------------------------

      Code (inc. data)   RO Data    RW Data    ZI Data      Debug   Library Name

      6726        266        551          0         96       3968   c_w.l
         8          0          0          0          0        136   fz_ws.l
        40          0          0          0          0         68   m_ws.l

    ----------------------------------------------------------------------
      6784        266        552          0         96       4172   Library Totals

    ----------------------------------------------------------------------

==============================================================================


      Code (inc. data)   RO Data    RW Data    ZI Data      Debug   

      8916        458        828          0       2680      50236   Grand Totals
      8916        458        828          0       2680      50236   ELF Image Totals
      8916        458        828          0          0          0   ROM Totals

==============================================================================

    Total RO  Size (Code + RO Data)                 9744 (   9.52kB)
    Total RW  Size (RW Data + ZI Data)              2680 (   2.62kB)
    Total ROM Size (Code + RO Data + RW Data)       9744 (   9.52kB)

==============================================================================

