<html>
<body>
<pre>
<h1>µVision Build Log</h1>
<h2>Tool Versions:</h2>
IDE-Version: ¦ÌVision V5.36.0.0
Copyright (C) 2021 ARM Ltd and ARM Germany GmbH. All rights reserved.
License Information: 1 ling, 1, LIC=JL28G-VTXBN-122LE-57H6A-77GGC-3GRJU
 
Tool Versions:
Toolchain:       MDK-ARM Plus  Version: 5.36.0.0
Toolchain Path:  D:\works\ST\keil\Core\ARM\ARMCC\Bin
C Compiler:      Armcc.exe V5.06 update 7 (build 960)
Assembler:       Armasm.exe V5.06 update 7 (build 960)
Linker/Locator:  ArmLink.exe V5.06 update 7 (build 960)
Library Manager: ArmAr.exe V5.06 update 7 (build 960)
Hex Converter:   FromElf.exe V5.06 update 7 (build 960)
CPU DLL:         SARMCM3.DLL V5.36.0.0
Dialog DLL:      DCM.DLL V1.17.3.0
Target DLL:      CMSIS_AGDI.dll V1.33.0.0
Dialog DLL:      TCM.DLL V1.53.0.0
 
<h2>Project:</h2>
H:\hand\chaozi\project\mdk\project.uvprojx
Project File Date:  05/23/2025

<h2>Output:</h2>
*** Using Compiler 'V5.06 update 7 (build 960)', folder: 'D:\works\ST\keil\Core\ARM\ARMCC\Bin'
Rebuild target 'project'
compiling driver_spi.c...
compiling i2c_soft.c...
compiling board.c...
..\app\board.c(8): warning:  #1-D: last line of file ends without a newline
  }
..\app\board.c: 1 warning, 0 errors
compiling delay.c...
compiling gd32f10x_it.c...
compiling gd32f10x_can.c...
compiling driver_uart.c...
compiling gd32f10x_crc.c...
compiling main.c...
compiling gd32f10x_bkp.c...
compiling gd32f10x_dac.c...
compiling gd32f10x_adc.c...
compiling gd32f10x_dbg.c...
compiling gd32f10x_dma.c...
compiling gd32f10x_enet.c...
compiling gd32f10x_exmc.c...
compiling gd32f10x_exti.c...
compiling gd32f10x_fwdgt.c...
compiling gd32f10x_i2c.c...
compiling gd32f10x_gpio.c...
compiling gd32f10x_misc.c...
compiling gd32f10x_pmu.c...
compiling gd32f10x_rcu.c...
assembling startup_gd32f10x_md.s...
compiling gd32f10x_rtc.c...
compiling gd32f10x_sdio.c...
compiling gd32f10x_spi.c...
compiling gd32f10x_timer.c...
compiling gd32f10x_usart.c...
compiling gd32f10x_wwdgt.c...
compiling system_gd32f10x.c...
linking...
Program Size: Code=8916 RO-data=828 RW-data=0 ZI-data=2680  
".\Objects\project.axf" - 0 Error(s), 1 Warning(s).

<h2>Software Packages used:</h2>

Package Vendor: GigaDevice
                https://gd32mcu.com/data/documents/pack/GigaDevice.GD32F10x_DFP.2.3.0.pack
                GigaDevice.GD32F10x_DFP.2.3.0
                GigaDevice GD32F10x Series Device Support and Examples

<h2>Collection of Component include folders:</h2>
  D:\works\ST\keil\Pack\GigaDevice\GD32F10x_DFP\2.3.0\Device\Include

<h2>Collection of Component Files used:</h2>
Build Time Elapsed:  00:00:02
</pre>
</body>
</html>
